BL51 BANKED LINKER/LOCATER V6.22                                                        07/05/2019  14:01:44  PAGE 1


BL51 BANKED LINKER/LOCATER V6.22, INVOKED BY:
C:\KEIL\C51\BIN\BL51.EXE .\obj\STARTUP_M5.obj, .\obj\main.obj, .\obj\sys.obj, .\obj\control.obj, .\obj\config.obj, .\obj
>> \uart.obj, .\obj\TP_draw.obj, .\obj\timer.obj TO .\obj\T5L51 PRINT (.\Listings\T5L51.m51) RAMSIZE (256) CODE (0X0100-
>> 0XFFFF) XDATA (0X8000-0XFFFF)


MEMORY MODEL: LARGE WITH FLOATING POINT ARITHMETIC


INPUT MODULES INCLUDED:
  .\obj\STARTUP_M5.obj (?C_STARTUP)
  .\obj\main.obj (MAIN)
  .\obj\sys.obj (SYS)
  .\obj\control.obj (CONTROL)
  .\obj\config.obj (CONFIG)
  .\obj\uart.obj (UART)
  .\obj\TP_draw.obj (TP_DRAW)
  .\obj\timer.obj (TIMER)
  C:\KEIL\C51\LIB\C51FPL.LIB (?C?FPADD)
  C:\KEIL\C51\LIB\C51FPL.LIB (?C?FPMUL)
  C:\KEIL\C51\LIB\C51FPL.LIB (?C?FPDIV)
  C:\KEIL\C51\LIB\C51FPL.LIB (?C?FCAST)
  C:\KEIL\C51\LIB\C51FPL.LIB (?C?CASTF)
  C:\KEIL\C51\LIB\C51FPL.LIB (SQRT)
  C:\KEIL\C51\LIB\C51FPL.LIB (?C?FPGETOPN)
  C:\KEIL\C51\LIB\C51L.LIB (?C_INIT)
  C:\KEIL\C51\LIB\C51L.LIB (?C?COPY)
  C:\KEIL\C51\LIB\C51L.LIB (?C?CLDPTR)
  C:\KEIL\C51\LIB\C51L.LIB (?C?CLDOPTR)
  C:\KEIL\C51\LIB\C51L.LIB (?C?CSTPTR)
  C:\KEIL\C51\LIB\C51L.LIB (?C?CSTOPTR)
  C:\KEIL\C51\LIB\C51L.LIB (?C?IMUL)
  C:\KEIL\C51\LIB\C51L.LIB (?C?UIDIV)
  C:\KEIL\C51\LIB\C51L.LIB (?C?IILDX)
  C:\KEIL\C51\LIB\C51L.LIB (?C?ILDIX)
  C:\KEIL\C51\LIB\C51L.LIB (?C?ILDOPTR)
  C:\KEIL\C51\LIB\C51L.LIB (?C?ULDIV)
  C:\KEIL\C51\LIB\C51L.LIB (?C?LNEG)
  C:\KEIL\C51\LIB\C51L.LIB (?C?SLCMP)
  C:\KEIL\C51\LIB\C51L.LIB (?C?ULCMP)
  C:\KEIL\C51\LIB\C51L.LIB (?C?ULSHR)
  C:\KEIL\C51\LIB\C51L.LIB (?C?LLDXDATA)
  C:\KEIL\C51\LIB\C51L.LIB (?C?LSTXDATA)
  C:\KEIL\C51\LIB\C51L.LIB (?C?LSTKXDATA)
  C:\KEIL\C51\LIB\C51L.LIB (?C?OFFXADD)
  C:\KEIL\C51\LIB\C51L.LIB (?C?ICASE)
  C:\KEIL\C51\LIB\C51L.LIB (ABS)
  C:\KEIL\C51\LIB\C51L.LIB (?C?STRCMP)
  C:\KEIL\C51\LIB\C51L.LIB (?C?MEMSET)


LINK MAP OF MODULE:  .\obj\T5L51 (?C_STARTUP)


            TYPE    BASE      LENGTH    RELOCATION   SEGMENT NAME
            -----------------------------------------------------

            * * * * * * *   D A T A   M E M O R Y   * * * * * * *
BL51 BANKED LINKER/LOCATER V6.22                                                      07/05/2019  14:01:44  PAGE 2


            REG     0000H     0008H     ABSOLUTE     "REG BANK 0"
            DATA    0008H     0012H     UNIT         ?DT?SYS
            DATA    001AH     000CH     UNIT         ?DT?CONTROL
            DATA    0026H     0007H     UNIT         ?DT?TIMER
            DATA    002DH     0002H     UNIT         ?DT?CONFIG
            IDATA   002FH     0001H     UNIT         ?STACK

            * * * * * * *  X D A T A   M E M O R Y  * * * * * * *
                    0000H     8000H                  *** GAP ***
            XDATA   8000H     0205H     UNIT         ?XD?TP_DRAW
            XDATA   8205H     018AH     UNIT         ?XD?UART
            XDATA   838FH     00F1H     UNIT         ?XD?SYS
            XDATA   8480H     00BFH     UNIT         ?XD?CONTROL
            XDATA   853FH     0059H     UNIT         ?XD?CONFIG
            XDATA   8598H     0027H     UNIT         _XDATA_GROUP_
            XDATA   85BFH     0003H     UNIT         ?XD?_UART2_SENDSTR?UART
            XDATA   85C2H     0003H     UNIT         ?XD?TIMER
            XDATA   85C5H     0002H     UNIT         ?XD?_RTC_GET_WEEK?SYS

            * * * * * * *   C O D E   M E M O R Y   * * * * * * *
            CODE    0000H     0003H     ABSOLUTE     
                    0003H     0008H                  *** GAP ***
            CODE    000BH     0003H     ABSOLUTE     
                    000EH     000DH                  *** GAP ***
            CODE    001BH     0003H     ABSOLUTE     
                    001EH     0005H                  *** GAP ***
            CODE    0023H     0003H     ABSOLUTE     
                    0026H     0005H                  *** GAP ***
            CODE    002BH     0003H     ABSOLUTE     
                    002EH     0035H                  *** GAP ***
            CODE    0063H     0003H     ABSOLUTE     
                    0066H     0005H                  *** GAP ***
            CODE    006BH     0003H     ABSOLUTE     
                    006EH     0015H                  *** GAP ***
            CODE    0083H     0003H     ABSOLUTE     
                    0086H     0072H                  *** GAP ***
            CODE    00F8H     0008H     ABSOLUTE     
            CODE    0100H     08F7H     UNIT         ?C?LIB_CODE
            CODE    09F7H     05A8H     UNIT         ?C_INITSEG
            CODE    0F9FH     0516H     UNIT         ?PR?M4G6_DATARX?CONTROL
            CODE    14B5H     0388H     UNIT         ?PR?_GET_TEMPERATURE?SYS
            CODE    183DH     037BH     UNIT         ?PR?SYSTEM_PARM_INIT?SYS
            CODE    1BB8H     02CFH     UNIT         ?PR?PARM_RESET_INIT?SYS
            CODE    1E87H     0296H     UNIT         ?PR?TIMER_CONFIG_HANDLER?CONTROL
            CODE    211DH     0294H     UNIT         ?PR?PARM_SET_FUNCTION?CONFIG
            CODE    23B1H     0234H     UNIT         ?PR?_WRITE_DGUS_VP?SYS
            CODE    25E5H     0221H     UNIT         ?PR?_WRITE_DGUS_VP_TP?TP_DRAW
            CODE    2806H     021AH     UNIT         ?PR?_TIMER_TIME_SET_CONFIRM_HANDLER?CONFIG
            CODE    2A20H     0205H     UNIT         ?PR?_READ_DGUS_VP?SYS
            CODE    2C25H     0200H     UNIT         ?CO?CONTROL
            CODE    2E25H     01EFH     UNIT         ?PR?_READ_DGUS_VP_TP?TP_DRAW
            CODE    3014H     01EAH     UNIT         ?PR?TP_DRAWIN?TP_DRAW
            CODE    31FEH     01B6H     UNIT         ?PR?_WEEK_VAL?CONFIG
            CODE    33B4H     01A2H     UNIT         ?PR?_SAVE_WEEK_HANDLER?CONFIG
            CODE    3556H     0184H     UNIT         ?PR?_TIMER_PERIOD_SEL_INIT_HANDLER?CONFIG
            CODE    36DAH     0180H     UNIT         ?PR?_TIMER_SPEED_MODE_SET_CONFIRM_HANDLER?CONFIG
            CODE    385AH     0171H     UNIT         ?PR?_FINDTAB?SYS
BL51 BANKED LINKER/LOCATER V6.22                                                      07/05/2019  14:01:44  PAGE 3


            CODE    39CBH     0161H     UNIT         ?PR?_COSCALCU?TP_DRAW
            CODE    3B2CH     013FH     UNIT         ?PR?_TIMER_SEL_INIT_HANDLER?CONFIG
            CODE    3C6BH     013CH     UNIT         ?PR?SLEEP_HANDLER?SYS
            CODE    3DA7H     013CH     UNIT         ?PR?TIME_SET_CONFIRM_HANDLER?CONFIG
            CODE    3EE3H     0121H     UNIT         ?PR?DISPLAY_TEMPERATURE?CONTROL
            CODE    4004H     011AH     UNIT         ?PR?_GET_R_VALUE?SYS
            CODE    411EH     010FH     UNIT         ?PR?_I2C_RTC_READ?TIMER
            CODE    422DH     0105H     UNIT         ?CO?SYS
            CODE    4332H     0100H     UNIT         ?PR?MODE_TEMPERATURE_HANDLER?CONTROL
            CODE    4432H     00F6H     UNIT         ?PR?T1_ISR_PC?SYS
            CODE    4528H     00E3H     UNIT         ?PR?WIND_SPEED_CONTROL_HANDLER?CONTROL
            CODE    460BH     00DAH     UNIT         ?PR?TMEPERATURE_SET_DECREASE?CONFIG
            CODE    46E5H     00D7H     UNIT         ?PR?TEMPERATURE_SET_INCREASE?CONFIG
            CODE    47BCH     00CDH     UNIT         ?PR?_SCREEN_SAVER_HANDLER?SYS
            CODE    4889H     00C7H     UNIT         ?PR?WIND_SPEED_VAL_HANDLER?CONTROL
            CODE    4950H     00C1H     UNIT         ?PR?RTC_START?TIMER
            CODE    4A11H     00B8H     UNIT         ?PR?_GBKDATADEAL?TP_DRAW
            CODE    4AC9H     00B0H     UNIT         ?PR?_ALARM_SET_CONFIRM_HANDLER?CONFIG
            CODE    4B79H     00ACH     UNIT         ?PR?SQRT?SQRT
            CODE    4C25H     00ABH     UNIT         ?PR?PARM_SET_ERROR_HANDLER?SYS
            CODE    4CD0H     00AAH     UNIT         ?PR?_RTC_GET_WEEK?SYS
            CODE    4D7AH     00A6H     UNIT         ?PR?MODE_CONTROL_HANDLER?CONTROL
            CODE    4E20H     00A5H     UNIT         ?PR?_ALARM_SET_HANDLER?CONFIG
            CODE    4EC5H     00A2H     UNIT         ?PR?MODE_VAL_HANDLER?CONTROL
            CODE    4F67H     00A0H     UNIT         ?PR?_I2C_RTC_WRITE?TIMER
            CODE    5007H     009DH     UNIT         ?PR?T0_ISR_PC?SYS
            CODE    50A4H     0093H     UNIT         ?PR?TIME_UPDATE?TIMER
            CODE    5137H     008FH     UNIT         ?PR?RTC_ACK?TIMER
            CODE    51C6H     008DH     UNIT         ?PR?TC_STATUS_CHECK_HANDLER?CONTROL
            CODE    5253H     008CH     UNIT         ?C_C51STARTUP
            CODE    52DFH     008CH     UNIT         ?PR?KEY_HANDLER?SYS
            CODE    536BH     008BH     UNIT         ?PR?ALARM_HANDLER?SYS
            CODE    53F6H     0087H     UNIT         ?PR?TEMPERATURE_SET_CONFIRM_HANDLER?CONFIG
            CODE    547DH     0087H     UNIT         ?PR?_RTC_SEND_BYTE?TIMER
            CODE    5504H     0085H     UNIT         ?PR?TIME_CALIBRATION?SYS
            CODE    5589H     0082H     UNIT         ?PR?INIT_CPU?SYS
            CODE    560BH     0082H     UNIT         ?PR?KEY_SCHEDULING_EVENT_HANDLER?SYS
            CODE    568DH     0082H     UNIT         ?PR?_CALCULATE_CRC16?CONTROL
            CODE    570FH     007EH     UNIT         ?PR?CLOSE_VALVE?SYS
            CODE    578DH     0078H     UNIT         ?PR?TEMPERATURE_SET_ENTER_INIT_HANDLER?CONFIG
            CODE    5805H     0076H     UNIT         ?PR?RTC_STOP?TIMER
            CODE    587BH     0074H     UNIT         ?PR?ALARM_SET_INIT_HANDLER?CONFIG
            CODE    58EFH     0073H     UNIT         ?PR?TIMER_WEEK_DISPLAY?CONFIG
            CODE    5962H     006FH     UNIT         ?PR?TIME_SET_INIT_HANDLER?CONFIG
            CODE    59D1H     006FH     UNIT         ?PR?RTC_SEND_ACK?TIMER
            CODE    5A40H     006DH     UNIT         ?PR?WARNING_EVENT_HANDLER?SYS
            CODE    5AADH     0067H     UNIT         ?PR?RTC_RECEIVE_BYTE?TIMER
            CODE    5B14H     0063H     UNIT         ?PR?UART3_ISR_PC?UART
            CODE    5B77H     0060H     UNIT         ?PR?PASSWORD_INPUT_CONFIRM_HANDLER?CONFIG
            CODE    5BD7H     005DH     UNIT         ?PR?RTC_NOACK?TIMER
            CODE    5C34H     005AH     UNIT         ?PR?MAIN?MAIN
            CODE    5C8EH     0057H     UNIT         ?PR?UART2_ISR_PC?UART
            CODE    5CE5H     0056H     UNIT         ?PR?RTC_RUNFUNCTION?TIMER
            CODE    5D3BH     0055H     UNIT         ?PR?SAVE_DATA_HANDLER?SYS
            CODE    5D90H     0055H     UNIT         ?PR?BOOT_HANDLER?SYS
            CODE    5DE5H     0053H     UNIT         ?PR?STANDBY_HANDLER?SYS
            CODE    5E38H     0053H     UNIT         ?PR?GET_ADC_VALUE?SYS
BL51 BANKED LINKER/LOCATER V6.22                                                      07/05/2019  14:01:44  PAGE 4


            CODE    5E8BH     0052H     UNIT         ?PR?T2_ISR_PC?SYS
            CODE    5EDDH     0045H     UNIT         ?PR?_UART5_SENDSTR?UART
            CODE    5F22H     0044H     UNIT         ?PR?UART5_RX_ISR_PC?UART
            CODE    5F66H     0041H     UNIT         ?PR?_UART2_SENDSTR?UART
            CODE    5FA7H     0041H     UNIT         ?PR?_UART3_SENDSTR?UART
            CODE    5FE8H     003BH     UNIT         ?PR?ENTER_MAIN_PAGE?SYS
            CODE    6023H     003AH     UNIT         ?CO?TP_DRAW
            CODE    605DH     0039H     UNIT         ?PR?_PAGE_CHANGE_HANDLER?SYS
            CODE    6096H     0038H     UNIT         ?PR?STANDBY_BOOT_HANDLER?CONFIG
            CODE    60CEH     0037H     UNIT         ?PR?CONTROL_FUNCTION?CONTROL
            CODE    6105H     0036H     UNIT         ?PR?READ_NOR_FLASH?SYS
            CODE    613BH     0036H     UNIT         ?PR?WRITE_NOR_FLASH?SYS
            CODE    6171H     0036H     UNIT         ?PR?BRIGHTNESS_HANDLER?SYS
            CODE    61A7H     0031H     UNIT         ?PR?SPEED_DECREASE_SET_HANDLER?CONFIG
            CODE    61D8H     0030H     UNIT         ?PR?MODE_ADD_SET_HANDLER?CONFIG
            CODE    6208H     002FH     UNIT         ?PR?SPEED_ADD_SET_HANDLER?CONFIG
            CODE    6237H     002EH     UNIT         ?PR?_IS_LEAP_YEAR?SYS
            CODE    6265H     002EH     UNIT         ?PR?RTC_INIT?TIMER
            CODE    6293H     0027H     UNIT         ?PR?RESET_CONFIRM_HANDLER?CONFIG
            CODE    62BAH     0024H     UNIT         ?PR?PASSWORD_INPUT_CANCEL_HANDLER?CONFIG
            CODE    62DEH     0022H     UNIT         ?PR?SHUT_DOWN_CONFIRM_HANDLER?CONFIG
            CODE    6300H     001FH     UNIT         ?PR?MESSAGE_HANDLER?CONFIG
            CODE    631FH     001EH     UNIT         ?PR?SPEED_AUTO_SET_HANDLER?CONFIG
            CODE    633DH     001EH     UNIT         ?PR?SPEED_LOW_SET_HANDLER?CONFIG
            CODE    635BH     001EH     UNIT         ?PR?SPEED_MEDIUM_SET_HANDLER?CONFIG
            CODE    6379H     001EH     UNIT         ?PR?SPEED_HIGH_SET_HANDLER?CONFIG
            CODE    6397H     001AH     UNIT         ?PR?PARM_UPLOAD_HANDLER?CONFIG
            CODE    63B1H     0016H     UNIT         ?PR?T2_INIT?SYS
            CODE    63C7H     0014H     UNIT         ?PR?_HEXTOBCD?TIMER
            CODE    63DBH     0013H     UNIT         ?PR?UART5_INIT?UART
            CODE    63EEH     0011H     UNIT         ?PR?UART2_INIT?UART
            CODE    63FFH     0011H     UNIT         ?PR?_UART2_SENDBYTE?UART
            CODE    6410H     0011H     UNIT         ?PR?_UART3_SENDBYTE?UART
            CODE    6421H     0011H     UNIT         ?PR?_BCDTOHEX?TIMER
            CODE    6432H     0010H     UNIT         ?PR?T0_INIT?SYS
            CODE    6442H     0010H     UNIT         ?PR?T1_INIT?SYS
            CODE    6452H     000FH     UNIT         ?PR?_DELAY_MS?SYS
            CODE    6461H     000FH     UNIT         ?PR?UART3_INIT?UART
            CODE    6470H     000DH     UNIT         ?CO?MAIN
            CODE    647DH     000CH     UNIT         ?PR?_ABS?ABS
            CODE    6489H     000BH     UNIT         ?PR?_UART5_SENDBYTE?UART
            CODE    6494H     000AH     UNIT         ?PR?PORT_INIT?SYS
            CODE    649EH     0009H     UNIT         ?PR?MODE_WIND_SPEED_HANDLER?CONTROL
            CODE    64A7H     0006H     UNIT         ?PR?SHUT_DOWN_HANDLER?CONFIG
            CODE    64ADH     0006H     UNIT         ?CO?CONFIG
            CODE    64B3H     0001H     UNIT         ?PR?SYSTEM_SET_ENTER_HANDLER?CONFIG
            CODE    64B4H     0001H     UNIT         ?PR?RESET_CANCEL_HANDLER?CONFIG
            CODE    64B5H     0001H     UNIT         ?PR?SYSTEM_SET_RETURN_HANDLER?CONFIG
            CODE    64B6H     0001H     UNIT         ?PR?ALARM_SELECT_RETURN_HANDLER?CONFIG
            CODE    64B7H     0001H     UNIT         ?PR?ADVANCE_SET_RERURN_HANDLER?CONFIG
            CODE    64B8H     0001H     UNIT         ?PR?TIMER_TIME_SET_CANCEL_HANDLER?CONFIG
            CODE    64B9H     0001H     UNIT         ?PR?TIMER_SPEED_MODE_SET_CANCEL_HANDLER?CONFIG
            CODE    64BAH     0001H     UNIT         ?PR?TIMER_SELECT_RETURN_HANDLER?CONFIG
            CODE    64BBH     0001H     UNIT         ?PR?TEMPERATURE_SET_CANCEL_HANDLER?CONFIG
            CODE    64BCH     0001H     UNIT         ?PR?TIME_SET_CANCEL_HANDLER?CONFIG
            CODE    64BDH     0001H     UNIT         ?PR?ALARM_SET_CANCEL_HANDLER?CONFIG
            CODE    64BEH     0001H     UNIT         ?PR?UART5_TX_ISR_PC?UART
BL51 BANKED LINKER/LOCATER V6.22                                                      07/05/2019  14:01:44  PAGE 5





OVERLAY MAP OF MODULE:   .\obj\T5L51 (?C_STARTUP)


SEGMENT                                            XDATA_GROUP
  +--> CALLED SEGMENT                            START    LENGTH
----------------------------------------------------------------
?C_C51STARTUP                                    -----    -----
  +--> ?PR?MAIN?MAIN
  +--> ?C_INITSEG

?PR?MAIN?MAIN                                    -----    -----
  +--> ?PR?INIT_CPU?SYS
  +--> ?PR?PORT_INIT?SYS
  +--> ?PR?T0_INIT?SYS
  +--> ?PR?T1_INIT?SYS
  +--> ?PR?T2_INIT?SYS
  +--> ?PR?UART2_INIT?UART
  +--> ?PR?UART3_INIT?UART
  +--> ?PR?UART5_INIT?UART
  +--> ?CO?MAIN
  +--> ?PR?_UART3_SENDSTR?UART
  +--> ?PR?SYSTEM_PARM_INIT?SYS
  +--> ?PR?TIME_UPDATE?TIMER
  +--> ?PR?M4G6_DATARX?CONTROL
  +--> ?PR?PARM_SET_FUNCTION?CONFIG
  +--> ?PR?CONTROL_FUNCTION?CONTROL
  +--> ?PR?_UART5_SENDSTR?UART
  +--> ?PR?TP_DRAWIN?TP_DRAW

?PR?_UART3_SENDSTR?UART                          8598H    0003H
  +--> ?PR?_UART3_SENDBYTE?UART

?PR?SYSTEM_PARM_INIT?SYS                         -----    -----
  +--> ?PR?READ_NOR_FLASH?SYS
  +--> ?PR?_DELAY_MS?SYS
  +--> ?PR?_READ_DGUS_VP?SYS
  +--> ?PR?_WRITE_DGUS_VP?SYS
  +--> ?PR?PARM_RESET_INIT?SYS
  +--> ?PR?WRITE_NOR_FLASH?SYS
  +--> ?CO?SYS
  +--> ?PR?_WEEK_VAL?CONFIG
  +--> ?PR?RTC_INIT?TIMER

?PR?READ_NOR_FLASH?SYS                           -----    -----
  +--> ?CO?SYS
  +--> ?PR?_WRITE_DGUS_VP?SYS
  +--> ?PR?_DELAY_MS?SYS
  +--> ?PR?_READ_DGUS_VP?SYS

?PR?_WRITE_DGUS_VP?SYS                           85A2H    0015H

?PR?_READ_DGUS_VP?SYS                            85A2H    0015H

?PR?PARM_RESET_INIT?SYS                          -----    -----
BL51 BANKED LINKER/LOCATER V6.22                                                      07/05/2019  14:01:44  PAGE 6


  +--> ?PR?_WRITE_DGUS_VP?SYS

?PR?WRITE_NOR_FLASH?SYS                          -----    -----
  +--> ?CO?SYS
  +--> ?PR?_WRITE_DGUS_VP?SYS
  +--> ?PR?_DELAY_MS?SYS
  +--> ?PR?_READ_DGUS_VP?SYS

?PR?RTC_INIT?TIMER                               8598H    0001H
  +--> ?PR?_I2C_RTC_WRITE?TIMER
  +--> ?PR?_DELAY_MS?SYS

?PR?_I2C_RTC_WRITE?TIMER                         859CH    0004H
  +--> ?PR?RTC_START?TIMER
  +--> ?PR?_RTC_SEND_BYTE?TIMER
  +--> ?PR?RTC_ACK?TIMER
  +--> ?PR?_HEXTOBCD?TIMER
  +--> ?PR?RTC_STOP?TIMER

?PR?RTC_START?TIMER                              85A1H    0001H

?PR?_RTC_SEND_BYTE?TIMER                         85A1H    0001H

?PR?RTC_ACK?TIMER                                85A1H    0001H

?PR?RTC_STOP?TIMER                               85A1H    0001H

?PR?TIME_UPDATE?TIMER                            8598H    0004H
  +--> ?PR?RTC_RUNFUNCTION?TIMER
  +--> ?PR?_WRITE_DGUS_VP?SYS

?PR?RTC_RUNFUNCTION?TIMER                        -----    -----
  +--> ?PR?_I2C_RTC_READ?TIMER
  +--> ?PR?_I2C_RTC_WRITE?TIMER
  +--> ?PR?_DELAY_MS?SYS

?PR?_I2C_RTC_READ?TIMER                          859CH    0005H
  +--> ?PR?RTC_START?TIMER
  +--> ?PR?_RTC_SEND_BYTE?TIMER
  +--> ?PR?RTC_ACK?TIMER
  +--> ?PR?RTC_RECEIVE_BYTE?TIMER
  +--> ?PR?_BCDTOHEX?TIMER
  +--> ?PR?RTC_SEND_ACK?TIMER
  +--> ?PR?RTC_NOACK?TIMER
  +--> ?PR?RTC_STOP?TIMER

?PR?RTC_RECEIVE_BYTE?TIMER                       85A1H    0001H

?PR?RTC_SEND_ACK?TIMER                           85A1H    0001H

?PR?RTC_NOACK?TIMER                              85A1H    0001H

?PR?M4G6_DATARX?CONTROL                          8598H    0004H
  +--> ?PR?_CALCULATE_CRC16?CONTROL
  +--> ?PR?_WRITE_DGUS_VP?SYS
  +--> ?PR?_READ_DGUS_VP?SYS
  +--> ?PR?_DELAY_MS?SYS
BL51 BANKED LINKER/LOCATER V6.22                                                      07/05/2019  14:01:44  PAGE 7


  +--> ?PR?SPEED_AUTO_SET_HANDLER?CONFIG
  +--> ?PR?STANDBY_HANDLER?SYS
  +--> ?PR?SPEED_LOW_SET_HANDLER?CONFIG
  +--> ?PR?SPEED_HIGH_SET_HANDLER?CONFIG
  +--> ?PR?TEMPERATURE_SET_INCREASE?CONFIG
  +--> ?PR?TMEPERATURE_SET_DECREASE?CONFIG
  +--> ?PR?TEMPERATURE_SET_CONFIRM_HANDLER?C...

?PR?_CALCULATE_CRC16?CONTROL                     859CH    0007H
  +--> ?CO?CONTROL

?PR?SPEED_AUTO_SET_HANDLER?CONFIG                -----    -----
  +--> ?PR?_WRITE_DGUS_VP?SYS

?PR?STANDBY_HANDLER?SYS                          -----    -----
  +--> ?CO?SYS
  +--> ?PR?_WRITE_DGUS_VP?SYS

?PR?SPEED_LOW_SET_HANDLER?CONFIG                 -----    -----
  +--> ?PR?_WRITE_DGUS_VP?SYS

?PR?SPEED_HIGH_SET_HANDLER?CONFIG                -----    -----
  +--> ?PR?_WRITE_DGUS_VP?SYS

?PR?TEMPERATURE_SET_INCREASE?CONFIG              -----    -----
  +--> ?PR?_READ_DGUS_VP?SYS
  +--> ?PR?_WRITE_DGUS_VP?SYS

?PR?TMEPERATURE_SET_DECREASE?CONFIG              -----    -----
  +--> ?PR?_READ_DGUS_VP?SYS
  +--> ?PR?_WRITE_DGUS_VP?SYS

?PR?TEMPERATURE_SET_CONFIRM_HANDLER?C...         -----    -----
  +--> ?PR?_READ_DGUS_VP?SYS
  +--> ?PR?_WRITE_DGUS_VP?SYS

?PR?PARM_SET_FUNCTION?CONFIG                     -----    -----
  +--> ?PR?_READ_DGUS_VP?SYS
  +--> ?PR?STANDBY_BOOT_HANDLER?CONFIG
  +--> ?PR?SHUT_DOWN_CONFIRM_HANDLER?CONFIG
  +--> ?PR?SYSTEM_SET_ENTER_HANDLER?CONFIG
  +--> ?PR?PASSWORD_INPUT_CONFIRM_HANDLER?CO...
  +--> ?PR?PASSWORD_INPUT_CANCEL_HANDLER?CONFIG
  +--> ?PR?RESET_CONFIRM_HANDLER?CONFIG
  +--> ?PR?RESET_CANCEL_HANDLER?CONFIG
  +--> ?PR?SYSTEM_SET_RETURN_HANDLER?CONFIG
  +--> ?PR?ALARM_SELECT_RETURN_HANDLER?CONFIG
  +--> ?PR?ADVANCE_SET_RERURN_HANDLER?CONFIG
  +--> ?PR?_SAVE_WEEK_HANDLER?CONFIG
  +--> ?PR?_TIMER_PERIOD_SEL_INIT_HANDLER?CO...
  +--> ?PR?_TIMER_TIME_SET_CONFIRM_HANDLER?C...
  +--> ?PR?TIMER_TIME_SET_CANCEL_HANDLER?CONFIG
  +--> ?PR?_TIMER_SPEED_MODE_SET_CONFIRM_HAN...
  +--> ?PR?_TIMER_SEL_INIT_HANDLER?CONFIG
  +--> ?PR?TIMER_SPEED_MODE_SET_CANCEL_HANDL...
  +--> ?PR?TIMER_WEEK_DISPLAY?CONFIG
  +--> ?PR?TIMER_SELECT_RETURN_HANDLER?CONFIG
BL51 BANKED LINKER/LOCATER V6.22                                                      07/05/2019  14:01:44  PAGE 8


  +--> ?PR?TEMPERATURE_SET_ENTER_INIT_HANDLE...
  +--> ?PR?TEMPERATURE_SET_CONFIRM_HANDLER?C...
  +--> ?PR?TEMPERATURE_SET_CANCEL_HANDLER?CO...
  +--> ?PR?TEMPERATURE_SET_INCREASE?CONFIG
  +--> ?PR?TMEPERATURE_SET_DECREASE?CONFIG
  +--> ?PR?TIME_SET_INIT_HANDLER?CONFIG
  +--> ?PR?TIME_SET_CONFIRM_HANDLER?CONFIG
  +--> ?PR?TIME_SET_CANCEL_HANDLER?CONFIG
  +--> ?PR?_ALARM_SET_HANDLER?CONFIG
  +--> ?PR?_ALARM_SET_CONFIRM_HANDLER?CONFIG
  +--> ?PR?ALARM_SET_INIT_HANDLER?CONFIG
  +--> ?PR?ALARM_SET_CANCEL_HANDLER?CONFIG
  +--> ?PR?MESSAGE_HANDLER?CONFIG
  +--> ?PR?SHUT_DOWN_HANDLER?CONFIG
  +--> ?PR?SPEED_AUTO_SET_HANDLER?CONFIG
  +--> ?PR?SPEED_LOW_SET_HANDLER?CONFIG
  +--> ?PR?SPEED_MEDIUM_SET_HANDLER?CONFIG
  +--> ?PR?SPEED_HIGH_SET_HANDLER?CONFIG
  +--> ?PR?SPEED_ADD_SET_HANDLER?CONFIG
  +--> ?PR?SPEED_DECREASE_SET_HANDLER?CONFIG
  +--> ?PR?MODE_ADD_SET_HANDLER?CONFIG
  +--> ?PR?_WRITE_DGUS_VP?SYS
  +--> ?PR?PARM_UPLOAD_HANDLER?CONFIG
  +--> ?PR?PARM_SET_ERROR_HANDLER?SYS
  +--> ?PR?WARNING_EVENT_HANDLER?SYS
  +--> ?PR?SAVE_DATA_HANDLER?SYS

?PR?STANDBY_BOOT_HANDLER?CONFIG                  -----    -----
  +--> ?PR?_READ_DGUS_VP?SYS
  +--> ?PR?STANDBY_HANDLER?SYS
  +--> ?PR?BOOT_HANDLER?SYS

?PR?BOOT_HANDLER?SYS                             -----    -----
  +--> ?PR?ENTER_MAIN_PAGE?SYS
  +--> ?PR?_WRITE_DGUS_VP?SYS

?PR?ENTER_MAIN_PAGE?SYS                          -----    -----
  +--> ?CO?SYS
  +--> ?PR?_WRITE_DGUS_VP?SYS
  +--> ?PR?_READ_DGUS_VP?SYS

?PR?SHUT_DOWN_CONFIRM_HANDLER?CONFIG             -----    -----
  +--> ?PR?_WRITE_DGUS_VP?SYS

?PR?PASSWORD_INPUT_CONFIRM_HANDLER?CO...         -----    -----
  +--> ?PR?_READ_DGUS_VP?SYS
  +--> ?PR?_WRITE_DGUS_VP?SYS

?PR?PASSWORD_INPUT_CANCEL_HANDLER?CONFIG         -----    -----
  +--> ?PR?_WRITE_DGUS_VP?SYS

?PR?RESET_CONFIRM_HANDLER?CONFIG                 -----    -----
  +--> ?PR?PARM_RESET_INIT?SYS
  +--> ?PR?_WRITE_DGUS_VP?SYS

?PR?_SAVE_WEEK_HANDLER?CONFIG                    8598H    0003H
  +--> ?PR?_READ_DGUS_VP?SYS
BL51 BANKED LINKER/LOCATER V6.22                                                      07/05/2019  14:01:44  PAGE 9


  +--> ?PR?_WRITE_DGUS_VP?SYS

?PR?_TIMER_PERIOD_SEL_INIT_HANDLER?CO...         8598H    0004H
  +--> ?PR?_WRITE_DGUS_VP?SYS

?PR?_TIMER_TIME_SET_CONFIRM_HANDLER?C...         8598H    0005H
  +--> ?PR?_READ_DGUS_VP?SYS
  +--> ?PR?_WRITE_DGUS_VP?SYS

?PR?_TIMER_SPEED_MODE_SET_CONFIRM_HAN...         8598H    0004H
  +--> ?PR?_READ_DGUS_VP?SYS
  +--> ?PR?_WRITE_DGUS_VP?SYS

?PR?_TIMER_SEL_INIT_HANDLER?CONFIG               8598H    0003H
  +--> ?PR?_READ_DGUS_VP?SYS
  +--> ?PR?_WRITE_DGUS_VP?SYS

?PR?TIMER_WEEK_DISPLAY?CONFIG                    -----    -----
  +--> ?PR?_READ_DGUS_VP?SYS
  +--> ?PR?_WEEK_VAL?CONFIG
  +--> ?PR?_WRITE_DGUS_VP?SYS

?PR?TEMPERATURE_SET_ENTER_INIT_HANDLE...         -----    -----
  +--> ?PR?_READ_DGUS_VP?SYS
  +--> ?PR?_WRITE_DGUS_VP?SYS

?PR?TIME_SET_INIT_HANDLER?CONFIG                 -----    -----
  +--> ?PR?_WRITE_DGUS_VP?SYS

?PR?TIME_SET_CONFIRM_HANDLER?CONFIG              -----    -----
  +--> ?PR?_READ_DGUS_VP?SYS
  +--> ?CO?SYS
  +--> ?PR?_IS_LEAP_YEAR?SYS
  +--> ?PR?_WRITE_DGUS_VP?SYS

?PR?_ALARM_SET_HANDLER?CONFIG                    8598H    0002H
  +--> ?PR?_READ_DGUS_VP?SYS
  +--> ?PR?_WRITE_DGUS_VP?SYS

?PR?_ALARM_SET_CONFIRM_HANDLER?CONFIG            8598H    0002H
  +--> ?PR?_READ_DGUS_VP?SYS
  +--> ?PR?_WRITE_DGUS_VP?SYS

?PR?ALARM_SET_INIT_HANDLER?CONFIG                -----    -----
  +--> ?PR?_READ_DGUS_VP?SYS
  +--> ?PR?_WRITE_DGUS_VP?SYS

?PR?MESSAGE_HANDLER?CONFIG                       -----    -----
  +--> ?PR?_WRITE_DGUS_VP?SYS

?PR?SHUT_DOWN_HANDLER?CONFIG                     -----    -----
  +--> ?PR?WRITE_NOR_FLASH?SYS

?PR?SPEED_MEDIUM_SET_HANDLER?CONFIG              -----    -----
  +--> ?PR?_WRITE_DGUS_VP?SYS

?PR?SPEED_ADD_SET_HANDLER?CONFIG                 -----    -----
BL51 BANKED LINKER/LOCATER V6.22                                                      07/05/2019  14:01:44  PAGE 10


  +--> ?PR?_WRITE_DGUS_VP?SYS

?PR?SPEED_DECREASE_SET_HANDLER?CONFIG            -----    -----
  +--> ?PR?_WRITE_DGUS_VP?SYS

?PR?MODE_ADD_SET_HANDLER?CONFIG                  -----    -----
  +--> ?PR?_WRITE_DGUS_VP?SYS

?PR?PARM_UPLOAD_HANDLER?CONFIG                   -----    -----
  +--> ?CO?CONFIG
  +--> ?PR?_WRITE_DGUS_VP?SYS

?PR?PARM_SET_ERROR_HANDLER?SYS                   8598H    0001H
  +--> ?PR?_READ_DGUS_VP?SYS
  +--> ?PR?_PAGE_CHANGE_HANDLER?SYS
  +--> ?PR?_WRITE_DGUS_VP?SYS

?PR?_PAGE_CHANGE_HANDLER?SYS                     -----    -----
  +--> ?PR?_WRITE_DGUS_VP?SYS

?PR?WARNING_EVENT_HANDLER?SYS                    8598H    0001H
  +--> ?PR?_READ_DGUS_VP?SYS
  +--> ?PR?_PAGE_CHANGE_HANDLER?SYS
  +--> ?PR?_WRITE_DGUS_VP?SYS

?PR?SAVE_DATA_HANDLER?SYS                        -----    -----
  +--> ?PR?WRITE_NOR_FLASH?SYS

?PR?CONTROL_FUNCTION?CONTROL                     -----    -----
  +--> ?PR?KEY_HANDLER?SYS
  +--> ?PR?DISPLAY_TEMPERATURE?CONTROL
  +--> ?PR?_GET_TEMPERATURE?SYS
  +--> ?PR?TIMER_CONFIG_HANDLER?CONTROL
  +--> ?PR?CLOSE_VALVE?SYS
  +--> ?PR?MODE_WIND_SPEED_HANDLER?CONTROL
  +--> ?PR?BRIGHTNESS_HANDLER?SYS
  +--> ?PR?ALARM_HANDLER?SYS
  +--> ?PR?SLEEP_HANDLER?SYS
  +--> ?PR?TC_STATUS_CHECK_HANDLER?CONTROL

?PR?KEY_HANDLER?SYS                              -----    -----
  +--> ?PR?_DELAY_MS?SYS
  +--> ?PR?_WRITE_DGUS_VP?SYS
  +--> ?PR?KEY_SCHEDULING_EVENT_HANDLER?SYS

?PR?KEY_SCHEDULING_EVENT_HANDLER?SYS             -----    -----
  +--> ?PR?_READ_DGUS_VP?SYS
  +--> ?PR?_WRITE_DGUS_VP?SYS

?PR?DISPLAY_TEMPERATURE?CONTROL                  -----    -----
  +--> ?PR?_READ_DGUS_VP?SYS
  +--> ?PR?_WRITE_DGUS_VP?SYS

?PR?_GET_TEMPERATURE?SYS                         8598H    000AH
  +--> ?PR?GET_ADC_VALUE?SYS
  +--> ?PR?_GET_R_VALUE?SYS
  +--> ?PR?_FINDTAB?SYS
BL51 BANKED LINKER/LOCATER V6.22                                                      07/05/2019  14:01:44  PAGE 11


  +--> ?CO?SYS
  +--> ?PR?_WRITE_DGUS_VP?SYS
  +--> ?PR?_ABS?ABS

?PR?GET_ADC_VALUE?SYS                            -----    -----
  +--> ?PR?_READ_DGUS_VP?SYS

?PR?_GET_R_VALUE?SYS                             85A2H    0008H

?PR?_FINDTAB?SYS                                 85A2H    000AH
  +--> ?CO?SYS

?PR?TIMER_CONFIG_HANDLER?CONTROL                 8598H    0001H
  +--> ?PR?_READ_DGUS_VP?SYS
  +--> ?PR?STANDBY_HANDLER?SYS
  +--> ?PR?_WRITE_DGUS_VP?SYS

?PR?CLOSE_VALVE?SYS                              -----    -----
  +--> ?PR?_WRITE_DGUS_VP?SYS

?PR?MODE_WIND_SPEED_HANDLER?CONTROL              -----    -----
  +--> ?PR?WIND_SPEED_CONTROL_HANDLER?CONTROL
  +--> ?PR?MODE_CONTROL_HANDLER?CONTROL
  +--> ?PR?MODE_TEMPERATURE_HANDLER?CONTROL

?PR?WIND_SPEED_CONTROL_HANDLER?CONTROL           -----    -----
  +--> ?PR?WIND_SPEED_VAL_HANDLER?CONTROL
  +--> ?PR?_WRITE_DGUS_VP?SYS

?PR?WIND_SPEED_VAL_HANDLER?CONTROL               -----    -----
  +--> ?PR?_READ_DGUS_VP?SYS
  +--> ?PR?_ABS?ABS

?PR?MODE_CONTROL_HANDLER?CONTROL                 -----    -----
  +--> ?PR?MODE_VAL_HANDLER?CONTROL
  +--> ?PR?_WRITE_DGUS_VP?SYS

?PR?MODE_VAL_HANDLER?CONTROL                     -----    -----
  +--> ?PR?_READ_DGUS_VP?SYS

?PR?BRIGHTNESS_HANDLER?SYS                       -----    -----
  +--> ?PR?_READ_DGUS_VP?SYS
  +--> ?PR?_WRITE_DGUS_VP?SYS

?PR?ALARM_HANDLER?SYS                            -----    -----
  +--> ?PR?_READ_DGUS_VP?SYS
  +--> ?PR?_WRITE_DGUS_VP?SYS

?PR?SLEEP_HANDLER?SYS                            -----    -----
  +--> ?PR?_READ_DGUS_VP?SYS
  +--> ?PR?PARM_UPLOAD_HANDLER?CONFIG
  +--> ?PR?_SCREEN_SAVER_HANDLER?SYS
  +--> ?PR?ENTER_MAIN_PAGE?SYS
  +--> ?PR?_WRITE_DGUS_VP?SYS

?PR?_SCREEN_SAVER_HANDLER?SYS                    -----    -----
  +--> ?PR?_WRITE_DGUS_VP?SYS
BL51 BANKED LINKER/LOCATER V6.22                                                      07/05/2019  14:01:44  PAGE 12



?PR?TC_STATUS_CHECK_HANDLER?CONTROL              -----    -----
  +--> ?PR?_READ_DGUS_VP?SYS
  +--> ?CO?SYS
  +--> ?PR?_WRITE_DGUS_VP?SYS
  +--> ?PR?BOOT_HANDLER?SYS

?PR?_UART5_SENDSTR?UART                          8598H    0003H
  +--> ?PR?_UART5_SENDBYTE?UART

?PR?TP_DRAWIN?TP_DRAW                            8598H    0011H
  +--> ?CO?TP_DRAW
  +--> ?PR?_READ_DGUS_VP_TP?TP_DRAW
  +--> ?PR?_WRITE_DGUS_VP_TP?TP_DRAW
  +--> ?PR?_GBKDATADEAL?TP_DRAW
  +--> ?PR?_COSCALCU?TP_DRAW

?PR?_READ_DGUS_VP_TP?TP_DRAW                     85A9H    0015H

?PR?_WRITE_DGUS_VP_TP?TP_DRAW                    85A9H    0015H

?PR?_GBKDATADEAL?TP_DRAW                         85A9H    0005H

?PR?_COSCALCU?TP_DRAW                            85A9H    0012H
  +--> ?PR?SQRT?SQRT

?PR?SQRT?SQRT                                    85BBH    0004H

*** NEW ROOT ***************************************************

?PR?T1_ISR_PC?SYS                                -----    -----
  +--> ?PR?_IS_LEAP_YEAR?SYS
  +--> ?CO?SYS



SYMBOL TABLE OF MODULE:  .\obj\T5L51 (?C_STARTUP)

  VALUE           TYPE          NAME
  ----------------------------------

  -------         MODULE        ?C_STARTUP
  C:5253H         SEGMENT       ?C_C51STARTUP
  I:002FH         SEGMENT       ?STACK
  C:0000H         PUBLIC        ?C_STARTUP
  D:00E0H         SYMBOL        ACC
  D:00F0H         SYMBOL        B
  D:0083H         SYMBOL        DPH
  D:0082H         SYMBOL        DPL
  N:0000H         SYMBOL        IBPSTACK
  N:0100H         SYMBOL        IBPSTACKTOP
  N:0100H         SYMBOL        IDATALEN
  C:5256H         SYMBOL        IDATALOOP
  N:0000H         SYMBOL        PBPSTACK
  N:0100H         SYMBOL        PBPSTACKTOP
  N:0000H         SYMBOL        PDATALEN
  N:0000H         SYMBOL        PDATASTART
BL51 BANKED LINKER/LOCATER V6.22                                                      07/05/2019  14:01:44  PAGE 13


  N:0000H         SYMBOL        PPAGE
  N:0000H         SYMBOL        PPAGEENABLE
  D:00A0H         SYMBOL        PPAGE_SFR
  D:0081H         SYMBOL        SP
  C:5253H         SYMBOL        STARTUP1
  N:0000H         SYMBOL        XBPSTACK
  N:0000H         SYMBOL        XBPSTACKTOP
  N:0000H         SYMBOL        XDATALEN
  N:0000H         SYMBOL        XDATASTART
  C:0000H         LINE#         131
  C:5253H         LINE#         138
  C:5255H         LINE#         139
  C:5256H         LINE#         140
  C:5257H         LINE#         141
  C:5259H         LINE#         190
  C:525CH         LINE#         201
  -------         ENDMOD        ?C_STARTUP

  -------         MODULE        MAIN
  C:0000H         SYMBOL        _ICE_DUMMY_
  D:0080H         PUBLIC        P0
  D:0090H         PUBLIC        P1
  D:00A0H         PUBLIC        P2
  D:00B0H         PUBLIC        P3
  D:00F8H         PUBLIC        RAMMODE
  D:00A8H         PUBLIC        IEN0
  D:00B8H         PUBLIC        IEN1
  B:00A0H.1       PUBLIC        P2_1
  C:5C34H         PUBLIC        main
  D:0088H         PUBLIC        TCON
  D:00C9H         PUBLIC        MUX_SEL
  C:6470H         PUBLIC        test
  D:0098H         PUBLIC        SCON0
  D:00C8H         PUBLIC        T2CON
  D:00D0H         PUBLIC        PSW
  D:00C0H         PUBLIC        IRCON
  -------         PROC          MAIN
  C:5C34H         LINE#         31
  C:5C34H         LINE#         32
  C:5C34H         LINE#         34
  C:5C37H         LINE#         35
  C:5C3AH         LINE#         36
  C:5C3CH         LINE#         37
  C:5C3FH         LINE#         38
  C:5C42H         LINE#         39
  C:5C45H         LINE#         40
  C:5C48H         LINE#         41
  C:5C4BH         LINE#         42
  C:5C4EH         LINE#         43
  C:5C51H         LINE#         45
  C:5C5CH         LINE#         46
  C:5C5FH         LINE#         49
  C:5C5FH         LINE#         50
  C:5C5FH         LINE#         51
  C:5C62H         LINE#         52
  C:5C65H         LINE#         54
  C:5C68H         LINE#         55
BL51 BANKED LINKER/LOCATER V6.22                                                      07/05/2019  14:01:44  PAGE 14


  C:5C6BH         LINE#         56
  C:5C7AH         LINE#         57
  C:5C7AH         LINE#         58
  C:5C7EH         LINE#         59
  C:5C89H         LINE#         61
  C:5C89H         LINE#         64
  C:5C8CH         LINE#         65
  -------         ENDPROC       MAIN
  -------         ENDMOD        MAIN

  -------         MODULE        SYS
  C:0000H         SYMBOL        _ICE_DUMMY_
  C:5589H         PUBLIC        INIT_CPU
  X:83A3H         PUBLIC        yearL
  X:83A4H         PUBLIC        TC_Status
  X:83A6H         PUBLIC        Second_Updata_Flag
  D:00F1H         PUBLIC        ADR_H
  D:0080H         PUBLIC        P0
  X:83A8H         PUBLIC        TC_Status_Old
  X:83AAH         PUBLIC        Sleep_Val
  X:83ABH         PUBLIC        Sleep_Type
  D:0090H         PUBLIC        P1
  D:00A0H         PUBLIC        P2
  X:83ADH         PUBLIC        Temperature_Lower
  D:00B0H         PUBLIC        P3
  X:83AFH         PUBLIC        R1_value
  D:0008H         PUBLIC        Wait_Count
  D:00F3H         PUBLIC        ADR_L
  D:0094H         PUBLIC        PAGESEL
  X:83B1H         PUBLIC        R2_value
  D:00F2H         PUBLIC        ADR_M
  X:83B3H         PUBLIC        Temperature_Upper
  B:00A8H.7       PUBLIC        EA
  D:00F8H         PUBLIC        RAMMODE
  X:83B5H         PUBLIC        Temp_Freq
  X:83B7H         PUBLIC        Key_Value
  C:23CAH         PUBLIC        _write_dgus_vp
  D:00B7H         PUBLIC        P0MDOUT
  X:83B9H         PUBLIC        ALS_Function
  X:83BBH         PUBLIC        time_display
  X:83C9H         PUBLIC        Real_Hour_Min
  D:00BCH         PUBLIC        P1MDOUT
  D:00A8H         PUBLIC        IEN0
  X:83CBH         PUBLIC        TP_Status_Old
  D:00BDH         PUBLIC        P2MDOUT
  D:00B8H         PUBLIC        IEN1
  D:00BEH         PUBLIC        P3MDOUT
  D:009AH         PUBLIC        IEN2
  C:4313H         PUBLIC        read_flash
  C:5D3BH         PUBLIC        Save_Data_Handler
  X:83D3H         PUBLIC        screen_count
  B:00F8H.4       PUBLIC        APP_ACK
  C:536BH         PUBLIC        Alarm_Handler
  X:83D5H         PUBLIC        Key_Status
  D:00F4H         PUBLIC        ADR_INC
  C:6237H         PUBLIC        _Is_Leap_Year
  X:83D7H         PUBLIC        Sleep_Count_M
BL51 BANKED LINKER/LOCATER V6.22                                                      07/05/2019  14:01:44  PAGE 15


  D:000AH         PUBLIC        Key_Count
  C:14B5H         PUBLIC        _Get_Temperature
  X:83D9H         PUBLIC        Valve_Config_Flag
  D:000CH         SYMBOL        SysTick_RTC
  X:83DBH         PUBLIC        TP_Status_New
  X:83E3H         PUBLIC        read_flash_status
  C:42F5H         PUBLIC        table_week
  B:0090H.4       PUBLIC        Medium_Speed_Valve
  C:386EH         PUBLIC        _FindTab
  C:3C6BH         PUBLIC        Sleep_Handler
  X:83EBH         PUBLIC        Remote_Update_Status
  C:431BH         PUBLIC        write_flash
  C:560BH         PUBLIC        Key_Scheduling_Event_Handler
  X:83EDH         PUBLIC        Temp_Pre
  C:432EH         PUBLIC        page_set_to_0
  D:0095H         PUBLIC        D_PAGESEL
  X:83EFH         PUBLIC        Page_Change
  X:8403H         PUBLIC        Temperature_Precision
  X:8405H         PUBLIC        Parm_Change_Count
  X:8407H         PUBLIC        Temperature_Set_Val
  X:8409H         PUBLIC        adc_value
  X:840FH         PUBLIC        Temp_time
  C:5E38H         PUBLIC        Get_ADC_Value
  C:422DH         PUBLIC        TabNTC_10k
  C:4325H         PUBLIC        Soft_Ver
  X:8411H         PUBLIC        Page_Change_Val
  X:8413H         PUBLIC        Parm_Change_Count_Val
  X:8415H         PUBLIC        sleep_time
  D:00BAH         PUBLIC        SREL0H
  C:4C25H         PUBLIC        Parm_Set_Error_Handler
  X:8417H         PUBLIC        Magic_Number
  D:00BBH         PUBLIC        SREL1H
  C:4004H         PUBLIC        _Get_R_Value
  X:8419H         PUBLIC        Alarm_Select
  D:00F9H         PUBLIC        PORTDRV
  D:00AAH         PUBLIC        SREL0L
  X:841BH         PUBLIC        alarm_val
  D:009DH         PUBLIC        SREL1L
  D:0089H         PUBLIC        TMOD
  D:0088H         PUBLIC        TCON
  X:8423H         PUBLIC        Close_Valve_Flag
  C:4307H         PUBLIC        mon_table
  X:8424H         PUBLIC        real_time
  B:0090H.2       PUBLIC        High_Speed_Valve
  C:5D90H         PUBLIC        Boot_Handler
  D:0097H         PUBLIC        SCON2R
  X:842CH         PUBLIC        year_real
  D:00ABH         PUBLIC        SCON3R
  D:00D9H         PUBLIC        BODE2_DIV_H
  X:842EH         PUBLIC        Screen_Saver_Parm
  D:00AEH         PUBLIC        BODE3_DIV_H
  D:0096H         PUBLIC        SCON2T
  D:00A7H         PUBLIC        SCON3T
  C:6494H         PUBLIC        PORT_Init
  X:8434H         PUBLIC        Speed_Valve_Status
  D:00E7H         PUBLIC        BODE2_DIV_L
  C:4323H         PUBLIC        Soft_Ver_Num
BL51 BANKED LINKER/LOCATER V6.22                                                      07/05/2019  14:01:44  PAGE 16


  D:00AFH         PUBLIC        BODE3_DIV_L
  X:8436H         PUBLIC        Screen_Flag
  D:00C9H         PUBLIC        MUX_SEL
  C:6171H         PUBLIC        Brightness_Handler
  C:5007H         PUBLIC        T0_ISR_PC
  C:4432H         PUBLIC        T1_ISR_PC
  C:5FE8H         PUBLIC        Enter_Main_Page
  C:5E8BH         PUBLIC        T2_ISR_PC
  D:00A9H         PUBLIC        IP0
  B:00A8H.1       PUBLIC        ET0
  D:00B9H         PUBLIC        IP1
  B:00A8H.3       PUBLIC        ET1
  D:00FDH         PUBLIC        DATA0
  C:605DH         PUBLIC        _Page_Change_Handler
  D:00FCH         PUBLIC        DATA1
  B:00C0H.6       PUBLIC        TF2
  D:008CH         PUBLIC        TH0
  C:52DFH         PUBLIC        Key_Handler
  X:8437H         PUBLIC        page_set
  D:00FBH         PUBLIC        DATA2
  D:008DH         PUBLIC        TH1
  X:843BH         PUBLIC        adc_val
  D:000EH         SYMBOL        SysTick
  X:844BH         PUBLIC        Message_Val
  D:00FAH         PUBLIC        DATA3
  D:00CDH         PUBLIC        TH2
  X:844DH         PUBLIC        Water_Valve_Status
  B:00A0H.2       PUBLIC        KEY1_Vin_F
  D:008AH         PUBLIC        TL0
  D:008BH         PUBLIC        TL1
  D:00CCH         PUBLIC        TL2
  C:6456H         PUBLIC        _delay_ms
  C:432AH         PUBLIC        led_off
  D:0010H         PUBLIC        Uart2RxCt
  D:0012H         PUBLIC        Uart3RxCt
  B:00F8H.6       PUBLIC        APP_EN
  B:00D0H.3       PUBLIC        RS0
  D:0014H         PUBLIC        Uart4RxCt
  B:00D0H.4       PUBLIC        RS1
  B:0088H.4       PUBLIC        TR0
  X:844FH         PUBLIC        led_old
  D:0016H         PUBLIC        Uart5RxCt
  D:0093H         PUBLIC        DPC
  B:0088H.6       PUBLIC        TR1
  X:8451H         PUBLIC        Password
  X:8455H         PUBLIC        Alarm_Status
  X:8457H         PUBLIC        Sleep_Flag
  B:00C8H.0       PUBLIC        TR2
  C:4CD0H         PUBLIC        _RTC_Get_Week
  C:570FH         PUBLIC        Close_Valve
  C:6105H         PUBLIC        Read_Nor_Flash
  C:5504H         PUBLIC        Time_Calibration
  D:0018H         PUBLIC        led_new
  C:5A40H         PUBLIC        Warning_Event_Handler
  X:8459H         PUBLIC        time_calibra
  D:0098H         PUBLIC        SCON0
  D:009BH         PUBLIC        SCON1
BL51 BANKED LINKER/LOCATER V6.22                                                      07/05/2019  14:01:44  PAGE 17


  D:00D8H         PUBLIC        ADCON
  B:0090H.3       PUBLIC        Water_Valve
  D:00C8H         PUBLIC        T2CON
  X:8461H         PUBLIC        Sleep_Count
  B:0090H.1       PUBLIC        Low_Speed_Valve
  C:47BCH         PUBLIC        _Screen_Saver_Handler
  X:8463H         PUBLIC        Timer_Status
  X:8465H         PUBLIC        Power_Flag
  D:00CBH         PUBLIC        TRL2H
  C:1BB8H         PUBLIC        Parm_Reset_Init
  D:008EH         PUBLIC        CKCON
  C:613BH         PUBLIC        Write_Nor_Flash
  X:8466H         PUBLIC        AD_Count
  D:00CAH         PUBLIC        TRL2L
  C:183DH         PUBLIC        System_Parm_Init
  X:8468H         PUBLIC        led_on
  C:4301H         PUBLIC        time_set_init
  X:846CH         PUBLIC        Temp_Coef
  X:8472H         PUBLIC        R1_Temperature
  C:6432H         PUBLIC        T0_Init
  X:8474H         PUBLIC        R2_Temperature
  X:8476H         PUBLIC        Alarm_Key
  D:00D0H         PUBLIC        PSW
  C:2A36H         PUBLIC        _read_dgus_vp
  C:6442H         PUBLIC        T1_Init
  X:847AH         PUBLIC        yearH
  C:63B1H         PUBLIC        T2_Init
  C:5DE5H         PUBLIC        Standby_Handler
  X:847BH         PUBLIC        Temperature_Real
  D:00C0H         PUBLIC        IRCON
  X:847DH         PUBLIC        Shut_Dwon_Flag
  X:847EH         PUBLIC        Temperatrue_Real_Old
  -------         PROC          INIT_CPU
  C:5589H         LINE#         195
  C:5589H         LINE#         196
  C:5589H         LINE#         197
  C:558BH         LINE#         198
  C:558DH         LINE#         199
  C:558FH         LINE#         201
  C:5592H         LINE#         202
  C:5595H         LINE#         203
  C:5597H         LINE#         204
  C:559AH         LINE#         205
  C:559DH         LINE#         206
  C:55A0H         LINE#         207
  C:55A2H         LINE#         208
  C:55A5H         LINE#         209
  C:55A7H         LINE#         210
  C:55A9H         LINE#         211
  C:55ABH         LINE#         212
  C:55ADH         LINE#         213
  C:55AFH         LINE#         215
  C:55B2H         LINE#         218
  C:55B4H         LINE#         219
  C:55B6H         LINE#         220
  C:55B8H         LINE#         221
  C:55BAH         LINE#         222
BL51 BANKED LINKER/LOCATER V6.22                                                      07/05/2019  14:01:44  PAGE 18


  C:55BDH         LINE#         223
  C:55BFH         LINE#         224
  C:55C1H         LINE#         225
  C:55C3H         LINE#         228
  C:55C6H         LINE#         229
  C:55C9H         LINE#         230
  C:55CCH         LINE#         231
  C:55CFH         LINE#         234
  C:55D2H         LINE#         237
  C:55D5H         LINE#         238
  C:55D8H         LINE#         241
  C:55DBH         LINE#         242
  C:55DEH         LINE#         243
  C:55E0H         LINE#         244
  C:55E3H         LINE#         247
  C:55E6H         LINE#         248
  C:55E9H         LINE#         249
  C:55EBH         LINE#         250
  C:55EEH         LINE#         253
  C:55F1H         LINE#         255
  C:55F3H         LINE#         256
  C:55F5H         LINE#         257
  C:55F7H         LINE#         260
  C:55F9H         LINE#         261
  C:55FBH         LINE#         262
  C:55FDH         LINE#         266
  C:5600H         LINE#         267
  C:5602H         LINE#         268
  C:5604H         LINE#         269
  C:5607H         LINE#         270
  C:560AH         LINE#         271
  -------         ENDPROC       INIT_CPU
  -------         PROC          PORT_INIT
  C:6494H         LINE#         283
  C:6494H         LINE#         284
  C:6494H         LINE#         285
  C:6497H         LINE#         286
  C:649AH         LINE#         287
  C:649DH         LINE#         288
  -------         ENDPROC       PORT_INIT
  -------         PROC          SYSTEM_PARM_INIT
  C:183DH         LINE#         324
  C:183DH         LINE#         325
  C:183DH         LINE#         326
  C:1840H         LINE#         327
  C:1843H         LINE#         328
  C:1858H         LINE#         329
  C:1866H         LINE#         330
  C:1866H         LINE#         331
  C:1870H         LINE#         332
  C:1885H         LINE#         333
  C:1888H         LINE#         334
  C:188BH         LINE#         335
  C:188EH         LINE#         336
  C:188EH         LINE#         337
  C:18A4H         LINE#         338
  C:18A8H         LINE#         339
BL51 BANKED LINKER/LOCATER V6.22                                                      07/05/2019  14:01:44  PAGE 19


  C:18ABH         LINE#         340
  C:18B2H         LINE#         341
  C:18C4H         LINE#         342
  C:18DAH         LINE#         343
  C:18F3H         LINE#         344
  C:18F3H         LINE#         345
  C:18FDH         LINE#         346
  C:18FDH         LINE#         347
  C:1912H         LINE#         348
  C:1925H         LINE#         349
  C:193FH         LINE#         350
  C:1952H         LINE#         351
  C:1967H         LINE#         352
  C:197BH         LINE#         353
  C:198CH         LINE#         354
  C:198CH         LINE#         355
  C:1994H         LINE#         356
  C:1994H         LINE#         357
  C:199FH         LINE#         358
  C:199FH         LINE#         359
  C:19A7H         LINE#         360
  C:19A9H         LINE#         361
  C:19AFH         LINE#         362
  C:19AFH         LINE#         363
  C:19B7H         LINE#         364
  C:19B7H         LINE#         365
  C:19CCH         LINE#         366
  C:19E1H         LINE#         367
  C:19FEH         LINE#         368
  C:19FEH         LINE#         369
  C:1A08H         LINE#         370
  C:1A11H         LINE#         371
  C:1A11H         LINE#         372
  C:1A27H         LINE#         373
  C:1A58H         LINE#         374
  C:1A58H         LINE#         375
  C:1A61H         LINE#         376
  C:1A66H         LINE#         377
  C:1A6EH         LINE#         378
  C:1A6EH         LINE#         379
  C:1A84H         LINE#         380
  C:1A9AH         LINE#         381
  C:1AAFH         LINE#         382
  C:1AB7H         LINE#         383
  C:1ACAH         LINE#         384
  C:1ADDH         LINE#         385
  C:1AF1H         LINE#         386
  C:1AF7H         LINE#         387
  C:1B0AH         LINE#         388
  C:1B1EH         LINE#         389
  C:1B25H         LINE#         390
  C:1B38H         LINE#         391
  C:1B4CH         LINE#         392
  C:1B53H         LINE#         393
  C:1B56H         LINE#         395
  C:1B5DH         LINE#         396
  C:1B63H         LINE#         397
BL51 BANKED LINKER/LOCATER V6.22                                                      07/05/2019  14:01:44  PAGE 20


  C:1B69H         LINE#         398
  C:1B6DH         LINE#         399
  C:1B71H         LINE#         400
  C:1B79H         LINE#         401
  C:1B82H         LINE#         402
  C:1B8BH         LINE#         403
  C:1B95H         LINE#         404
  C:1BA8H         LINE#         405
  C:1BB7H         LINE#         406
  -------         ENDPROC       SYSTEM_PARM_INIT
  -------         PROC          READ_NOR_FLASH
  C:6105H         LINE#         423
  C:6105H         LINE#         424
  C:6105H         LINE#         425
  C:611BH         LINE#         427
  C:611BH         LINE#         428
  C:611EH         LINE#         429
  C:6134H         LINE#         430
  C:613AH         LINE#         431
  -------         ENDPROC       READ_NOR_FLASH
  -------         PROC          WRITE_NOR_FLASH
  C:613BH         LINE#         444
  C:613BH         LINE#         445
  C:613BH         LINE#         446
  C:6151H         LINE#         448
  C:6151H         LINE#         449
  C:6154H         LINE#         450
  C:616AH         LINE#         451
  C:6170H         LINE#         452
  -------         ENDPROC       WRITE_NOR_FLASH
  -------         PROC          SAVE_DATA_HANDLER
  C:5D3BH         LINE#         465
  C:5D3BH         LINE#         466
  C:5D3BH         LINE#         467
  C:5D43H         LINE#         468
  C:5D43H         LINE#         469
  C:5D46H         LINE#         470
  C:5D46H         LINE#         471
  C:5D55H         LINE#         472
  C:5D55H         LINE#         473
  C:5D63H         LINE#         474
  C:5D72H         LINE#         475
  C:5D72H         LINE#         476
  C:5D75H         LINE#         477
  C:5D79H         LINE#         478
  C:5D79H         LINE#         479
  C:5D79H         LINE#         480
  C:5D79H         LINE#         481
  C:5D7BH         LINE#         483
  C:5D7BH         LINE#         484
  C:5D82H         LINE#         485
  C:5D89H         LINE#         486
  C:5D8FH         LINE#         487
  C:5D8FH         LINE#         488
  C:5D8FH         LINE#         489
  -------         ENDPROC       SAVE_DATA_HANDLER
  -------         PROC          KEY_HANDLER
BL51 BANKED LINKER/LOCATER V6.22                                                      07/05/2019  14:01:44  PAGE 21


  C:52DFH         LINE#         507
  C:52DFH         LINE#         508
  C:52DFH         LINE#         509
  C:52E7H         LINE#         510
  C:52E7H         LINE#         511
  C:52EDH         LINE#         512
  C:52EDH         LINE#         513
  C:52F3H         LINE#         514
  C:52F6H         LINE#         515
  C:52F6H         LINE#         516
  C:52FBH         LINE#         517
  C:52FBH         LINE#         518
  C:52FBH         LINE#         519
  C:52FEH         LINE#         520
  C:52FEH         LINE#         521
  C:52FEH         LINE#         522
  C:52FEH         LINE#         523
  C:5305H         LINE#         524
  C:5307H         LINE#         525
  C:5317H         LINE#         526
  C:5317H         LINE#         527
  C:531CH         LINE#         528
  C:531EH         LINE#         530
  C:531EH         LINE#         531
  C:5323H         LINE#         532
  C:5323H         LINE#         533
  C:532BH         LINE#         534
  C:533FH         LINE#         535
  C:5354H         LINE#         536
  C:5357H         LINE#         537
  C:5357H         LINE#         538
  C:5357H         LINE#         539
  C:5357H         LINE#         541
  C:5357H         LINE#         542
  C:535AH         LINE#         543
  C:535AH         LINE#         544
  C:5361H         LINE#         545
  C:5364H         LINE#         546
  C:5364H         LINE#         547
  C:536AH         LINE#         548
  C:536AH         LINE#         549
  C:536AH         LINE#         550
  C:536AH         LINE#         551
  -------         ENDPROC       KEY_HANDLER
  -------         PROC          KEY_SCHEDULING_EVENT_HANDLER
  C:560BH         LINE#         563
  C:560BH         LINE#         564
  C:560BH         LINE#         565
  C:5620H         LINE#         566
  C:562DH         LINE#         567
  C:562DH         LINE#         568
  C:5641H         LINE#         569
  C:5655H         LINE#         570
  C:5655H         LINE#         571
  C:565BH         LINE#         572
  C:565BH         LINE#         573
  C:565DH         LINE#         574
BL51 BANKED LINKER/LOCATER V6.22                                                      07/05/2019  14:01:44  PAGE 22


  C:5671H         LINE#         575
  C:5671H         LINE#         576
  C:5677H         LINE#         577
  C:568CH         LINE#         578
  C:568CH         LINE#         579
  C:568CH         LINE#         580
  -------         ENDPROC       KEY_SCHEDULING_EVENT_HANDLER
  -------         PROC          ENTER_MAIN_PAGE
  C:5FE8H         LINE#         593
  C:5FE8H         LINE#         594
  C:5FE8H         LINE#         595
  C:5FFEH         LINE#         596
  C:6001H         LINE#         597
  C:6007H         LINE#         598
  C:601DH         LINE#         599
  C:6022H         LINE#         600
  -------         ENDPROC       ENTER_MAIN_PAGE
  -------         PROC          STANDBY_HANDLER
  C:5DE5H         LINE#         613
  C:5DE5H         LINE#         614
  C:5DE5H         LINE#         615
  C:5DFBH         LINE#         616
  C:5E01H         LINE#         617
  C:5E08H         LINE#         618
  C:5E10H         LINE#         619
  C:5E1FH         LINE#         620
  -------         ENDPROC       STANDBY_HANDLER
  -------         PROC          BOOT_HANDLER
  C:5D90H         LINE#         633
  C:5D90H         LINE#         634
  C:5D90H         LINE#         635
  C:5D93H         LINE#         636
  C:5D9AH         LINE#         637
  C:5DA0H         LINE#         638
  C:5DA6H         LINE#         639
  C:5DAAH         LINE#         640
  C:5DB0H         LINE#         641
  C:5DB6H         LINE#         642
  C:5DBDH         LINE#         643
  C:5DCCH         LINE#         644
  -------         ENDPROC       BOOT_HANDLER
  -------         PROC          CLOSE_VALVE
  C:570FH         LINE#         659
  C:570FH         LINE#         660
  C:570FH         LINE#         661
  C:5717H         LINE#         662
  C:5717H         LINE#         663
  C:5723H         LINE#         664
  C:5723H         LINE#         665
  C:5727H         LINE#         666
  C:5727H         LINE#         667
  C:5732H         LINE#         668
  C:5732H         LINE#         669
  C:5734H         LINE#         670
  C:5736H         LINE#         671
  C:5738H         LINE#         672
  C:573FH         LINE#         673
BL51 BANKED LINKER/LOCATER V6.22                                                      07/05/2019  14:01:44  PAGE 23


  C:5751H         LINE#         674
  C:5751H         LINE#         675
  C:575CH         LINE#         676
  C:575CH         LINE#         677
  C:575EH         LINE#         678
  C:5765H         LINE#         679
  C:5777H         LINE#         680
  C:577FH         LINE#         681
  C:577FH         LINE#         682
  C:5780H         LINE#         684
  C:5780H         LINE#         685
  C:5785H         LINE#         686
  C:578CH         LINE#         687
  C:578CH         LINE#         688
  C:578CH         LINE#         689
  C:578CH         LINE#         690
  -------         ENDPROC       CLOSE_VALVE
  -------         PROC          SLEEP_HANDLER
  -------         DO            
  D:0007H         SYMBOL        temp
  -------         ENDDO         
  C:3C6BH         LINE#         702
  C:3C6BH         LINE#         703
  C:3C6BH         LINE#         704
  C:3C6CH         LINE#         705
  C:3C81H         LINE#         706
  C:3C90H         LINE#         707
  C:3C96H         LINE#         708
  C:3C96H         LINE#         709
  C:3CA3H         LINE#         710
  C:3CA3H         LINE#         711
  C:3CB5H         LINE#         712
  C:3CC1H         LINE#         713
  C:3CC1H         LINE#         714
  C:3CD8H         LINE#         715
  C:3CD8H         LINE#         716
  C:3CD8H         LINE#         717
  C:3CD8H         LINE#         718
  C:3CDAH         LINE#         719
  C:3CE6H         LINE#         720
  C:3CE6H         LINE#         721
  C:3CF5H         LINE#         722
  C:3CF5H         LINE#         723
  C:3CFDH         LINE#         724
  C:3CFFH         LINE#         726
  C:3CFFH         LINE#         727
  C:3D16H         LINE#         728
  C:3D16H         LINE#         729
  C:3D24H         LINE#         730
  C:3D2BH         LINE#         731
  C:3D2BH         LINE#         732
  C:3D2BH         LINE#         733
  C:3D2BH         LINE#         734
  C:3D2BH         LINE#         735
  C:3D2BH         LINE#         737
  C:3D2BH         LINE#         738
  C:3D37H         LINE#         739
BL51 BANKED LINKER/LOCATER V6.22                                                      07/05/2019  14:01:44  PAGE 24


  C:3D37H         LINE#         740
  C:3D49H         LINE#         741
  C:3D4CH         LINE#         742
  C:3D4CH         LINE#         743
  C:3D4CH         LINE#         744
  C:3D58H         LINE#         745
  C:3D58H         LINE#         746
  C:3D63H         LINE#         747
  C:3D63H         LINE#         748
  C:3D63H         LINE#         750
  C:3D63H         LINE#         751
  C:3D76H         LINE#         752
  C:3D82H         LINE#         753
  C:3D82H         LINE#         754
  C:3D85H         LINE#         755
  C:3D85H         LINE#         756
  C:3D8CH         LINE#         757
  C:3D92H         LINE#         758
  C:3D98H         LINE#         759
  C:3D9CH         LINE#         760
  C:3DA0H         LINE#         761
  C:3DA3H         LINE#         762
  C:3DA6H         LINE#         763
  C:3DA6H         LINE#         764
  -------         ENDPROC       SLEEP_HANDLER
  -------         PROC          PARM_SET_ERROR_HANDLER
  -------         DO            
  X:8598H         SYMBOL        i
  -------         ENDDO         
  C:4C25H         LINE#         778
  C:4C25H         LINE#         779
  C:4C25H         LINE#         780
  C:4C2AH         LINE#         781
  C:4C3EH         LINE#         782
  C:4C51H         LINE#         783
  C:4C51H         LINE#         785
  C:4C77H         LINE#         786
  C:4C77H         LINE#         787
  C:4C77H         LINE#         788
  C:4C7CH         LINE#         789
  C:4C7EH         LINE#         790
  C:4C7EH         LINE#         791
  C:4C84H         LINE#         792
  C:4C86H         LINE#         793
  C:4C86H         LINE#         794
  C:4C8CH         LINE#         796
  C:4C8EH         LINE#         797
  C:4C8EH         LINE#         798
  C:4C94H         LINE#         799
  C:4C96H         LINE#         800
  C:4C96H         LINE#         801
  C:4C9CH         LINE#         802
  C:4C9EH         LINE#         803
  C:4C9EH         LINE#         804
  C:4CA4H         LINE#         805
  C:4CA6H         LINE#         806
  C:4CA6H         LINE#         807
BL51 BANKED LINKER/LOCATER V6.22                                                      07/05/2019  14:01:44  PAGE 25


  C:4CACH         LINE#         808
  C:4CACH         LINE#         809
  C:4CACH         LINE#         810
  C:4CACH         LINE#         811
  C:4CACH         LINE#         812
  C:4CB4H         LINE#         813
  C:4CBBH         LINE#         814
  C:4CCFH         LINE#         815
  C:4CCFH         LINE#         816
  -------         ENDPROC       PARM_SET_ERROR_HANDLER
  -------         PROC          WARNING_EVENT_HANDLER
  -------         DO            
  X:8598H         SYMBOL        i
  -------         ENDDO         
  C:5A40H         LINE#         828
  C:5A40H         LINE#         829
  C:5A40H         LINE#         830
  C:5A45H         LINE#         831
  C:5A59H         LINE#         832
  C:5A69H         LINE#         833
  C:5A69H         LINE#         834
  C:5A7BH         LINE#         835
  C:5A7BH         LINE#         836
  C:5A7BH         LINE#         837
  C:5A81H         LINE#         838
  C:5A83H         LINE#         839
  C:5A83H         LINE#         840
  C:5A89H         LINE#         841
  C:5A89H         LINE#         842
  C:5A89H         LINE#         843
  C:5A89H         LINE#         844
  C:5A89H         LINE#         845
  C:5A91H         LINE#         846
  C:5A98H         LINE#         847
  C:5AACH         LINE#         848
  C:5AACH         LINE#         849
  -------         ENDPROC       WARNING_EVENT_HANDLER
  -------         PROC          _PAGE_CHANGE_HANDLER
  D:0007H         SYMBOL        n
  C:605DH         LINE#         862
  C:605DH         LINE#         863
  C:605DH         LINE#         864
  C:6063H         LINE#         865
  C:6067H         LINE#         866
  C:606AH         LINE#         867
  C:607CH         LINE#         868
  -------         ENDPROC       _PAGE_CHANGE_HANDLER
  -------         PROC          _SCREEN_SAVER_HANDLER
  D:0006H         SYMBOL        type
  C:47BCH         LINE#         884
  C:47BCH         LINE#         885
  C:47BCH         LINE#         886
  C:47D4H         LINE#         887
  C:47D4H         LINE#         888
  C:47D4H         LINE#         889
  C:47DFH         LINE#         890
  C:47DFH         LINE#         892
BL51 BANKED LINKER/LOCATER V6.22                                                      07/05/2019  14:01:44  PAGE 26


  C:47DFH         LINE#         894
  C:47DFH         LINE#         895
  C:47E5H         LINE#         896
  C:47E9H         LINE#         897
  C:47ECH         LINE#         898
  C:47EFH         LINE#         899
  C:47EFH         LINE#         900
  C:47EFH         LINE#         901
  C:47EFH         LINE#         902
  C:47F1H         LINE#         903
  C:47F1H         LINE#         904
  C:47FCH         LINE#         905
  C:47FCH         LINE#         907
  C:47FCH         LINE#         909
  C:47FCH         LINE#         910
  C:4802H         LINE#         911
  C:4806H         LINE#         912
  C:4809H         LINE#         913
  C:4812H         LINE#         914
  C:4828H         LINE#         915
  C:482EH         LINE#         916
  C:4836H         LINE#         917
  C:484EH         LINE#         918
  C:484EH         LINE#         919
  C:484EH         LINE#         920
  C:484EH         LINE#         921
  C:4856H         LINE#         922
  C:4856H         LINE#         924
  C:4856H         LINE#         926
  C:4856H         LINE#         927
  C:485CH         LINE#         928
  C:4860H         LINE#         929
  C:4863H         LINE#         930
  C:486CH         LINE#         931
  C:4882H         LINE#         932
  C:4888H         LINE#         933
  C:4888H         LINE#         934
  C:4888H         LINE#         935
  C:4888H         LINE#         936
  C:4888H         LINE#         937
  C:4888H         LINE#         938
  -------         ENDPROC       _SCREEN_SAVER_HANDLER
  -------         PROC          BRIGHTNESS_HANDLER
  C:6171H         LINE#         957
  C:6171H         LINE#         958
  C:6171H         LINE#         959
  C:6174H         LINE#         960
  C:6182H         LINE#         961
  C:6182H         LINE#         962
  C:618CH         LINE#         963
  C:6190H         LINE#         964
  C:61A6H         LINE#         965
  C:61A6H         LINE#         966
  -------         ENDPROC       BRIGHTNESS_HANDLER
  -------         PROC          PARM_RESET_INIT
  C:1BB8H         LINE#         981
  C:1BB8H         LINE#         982
BL51 BANKED LINKER/LOCATER V6.22                                                      07/05/2019  14:01:44  PAGE 27


  C:1BB8H         LINE#         983
  C:1BBEH         LINE#         984
  C:1BD0H         LINE#         985
  C:1BD6H         LINE#         986
  C:1BE9H         LINE#         987
  C:1BF0H         LINE#         988
  C:1BF4H         LINE#         989
  C:1C07H         LINE#         990
  C:1C0EH         LINE#         991
  C:1C12H         LINE#         992
  C:1C16H         LINE#         993
  C:1C29H         LINE#         994
  C:1C33H         LINE#         995
  C:1C46H         LINE#         996
  C:1C4CH         LINE#         997
  C:1C5FH         LINE#         998
  C:1C66H         LINE#         999
  C:1C6AH         LINE#         1000
  C:1C6FH         LINE#         1001
  C:1C75H         LINE#         1002
  C:1C88H         LINE#         1003
  C:1C90H         LINE#         1004
  C:1CA2H         LINE#         1005
  C:1CAAH         LINE#         1006
  C:1CBCH         LINE#         1007
  C:1CCBH         LINE#         1008
  C:1CD5H         LINE#         1009
  C:1CDCH         LINE#         1010
  C:1CE1H         LINE#         1011
  C:1CE8H         LINE#         1012
  C:1CEFH         LINE#         1013
  C:1CF6H         LINE#         1014
  C:1CFBH         LINE#         1015
  C:1D02H         LINE#         1016
  C:1D09H         LINE#         1017
  C:1D10H         LINE#         1018
  C:1D15H         LINE#         1019
  C:1D1CH         LINE#         1020
  C:1D23H         LINE#         1021
  C:1D2AH         LINE#         1022
  C:1D2FH         LINE#         1023
  C:1D36H         LINE#         1024
  C:1D49H         LINE#         1025
  C:1D5DH         LINE#         1026
  C:1D67H         LINE#         1027
  C:1D6EH         LINE#         1028
  C:1D73H         LINE#         1029
  C:1D7AH         LINE#         1030
  C:1D81H         LINE#         1031
  C:1D88H         LINE#         1032
  C:1D8DH         LINE#         1033
  C:1D94H         LINE#         1034
  C:1D9BH         LINE#         1035
  C:1DA2H         LINE#         1036
  C:1DA7H         LINE#         1037
  C:1DAEH         LINE#         1038
  C:1DB5H         LINE#         1039
BL51 BANKED LINKER/LOCATER V6.22                                                      07/05/2019  14:01:44  PAGE 28


  C:1DBCH         LINE#         1040
  C:1DC1H         LINE#         1041
  C:1DC8H         LINE#         1042
  C:1DDBH         LINE#         1043
  C:1DEFH         LINE#         1044
  C:1DF9H         LINE#         1045
  C:1E00H         LINE#         1046
  C:1E05H         LINE#         1047
  C:1E0CH         LINE#         1048
  C:1E13H         LINE#         1049
  C:1E1AH         LINE#         1050
  C:1E1FH         LINE#         1051
  C:1E26H         LINE#         1052
  C:1E2DH         LINE#         1053
  C:1E34H         LINE#         1054
  C:1E39H         LINE#         1055
  C:1E40H         LINE#         1056
  C:1E47H         LINE#         1057
  C:1E4EH         LINE#         1058
  C:1E53H         LINE#         1059
  C:1E5AH         LINE#         1060
  C:1E6DH         LINE#         1061
  -------         ENDPROC       PARM_RESET_INIT
  -------         PROC          T0_INIT
  C:6432H         LINE#         1078
  C:6432H         LINE#         1079
  C:6432H         LINE#         1080
  C:6435H         LINE#         1081
  C:6438H         LINE#         1082
  C:643BH         LINE#         1083
  C:643DH         LINE#         1084
  C:643FH         LINE#         1085
  C:6441H         LINE#         1086
  -------         ENDPROC       T0_INIT
  -------         PROC          T1_INIT
  C:6442H         LINE#         1099
  C:6442H         LINE#         1100
  C:6442H         LINE#         1101
  C:6445H         LINE#         1102
  C:6448H         LINE#         1103
  C:644BH         LINE#         1104
  C:644DH         LINE#         1105
  C:644FH         LINE#         1106
  C:6451H         LINE#         1107
  -------         ENDPROC       T1_INIT
  -------         PROC          T2_INIT
  C:63B1H         LINE#         1121
  C:63B1H         LINE#         1122
  C:63B1H         LINE#         1123
  C:63B4H         LINE#         1124
  C:63B7H         LINE#         1125
  C:63B9H         LINE#         1126
  C:63BCH         LINE#         1127
  C:63BFH         LINE#         1128
  C:63C2H         LINE#         1129
  C:63C4H         LINE#         1130
  C:63C6H         LINE#         1131
BL51 BANKED LINKER/LOCATER V6.22                                                      07/05/2019  14:01:44  PAGE 29


  -------         ENDPROC       T2_INIT
  C:2A30H         SYMBOL        L?0268
  C:2A32H         SYMBOL        L?0269
  -------         PROC          L?0267
  -------         ENDPROC       L?0267
  C:2A30H         SYMBOL        L?0268
  C:2A32H         SYMBOL        L?0269
  -------         PROC          _READ_DGUS_VP
  X:85A2H         SYMBOL        addr
  X:85A6H         SYMBOL        buf
  X:85A9H         SYMBOL        len
  -------         DO            
  X:85ABH         SYMBOL        OS_addr
  X:85AFH         SYMBOL        OS_addr_offset
  X:85B3H         SYMBOL        OS_len
  X:85B5H         SYMBOL        OS_len_offset
  -------         ENDDO         
  C:2A36H         LINE#         1148
  C:2A47H         LINE#         1149
  C:2A47H         LINE#         1150
  C:2A5BH         LINE#         1151
  C:2A66H         LINE#         1152
  C:2A82H         LINE#         1153
  C:2A96H         LINE#         1154
  C:2AACH         LINE#         1155
  C:2AC2H         LINE#         1156
  C:2ACBH         LINE#         1157
  C:2ACEH         LINE#         1158
  C:2AD1H         LINE#         1159
  C:2AE9H         LINE#         1160
  C:2AE9H         LINE#         1161
  C:2AECH         LINE#         1162
  C:2AEEH         LINE#         1163
  C:2AF1H         LINE#         1164
  C:2B06H         LINE#         1165
  C:2B1BH         LINE#         1166
  C:2B29H         LINE#         1167
  C:2B33H         LINE#         1168
  C:2B33H         LINE#         1169
  C:2B49H         LINE#         1170
  C:2B55H         LINE#         1171
  C:2B59H         LINE#         1172
  C:2B59H         LINE#         1173
  C:2B67H         LINE#         1174
  C:2B67H         LINE#         1175
  C:2B78H         LINE#         1176
  C:2B78H         LINE#         1177
  C:2B8EH         LINE#         1178
  C:2B8EH         LINE#         1179
  C:2B91H         LINE#         1180
  C:2B93H         LINE#         1181
  C:2B96H         LINE#         1182
  C:2BABH         LINE#         1183
  C:2BC0H         LINE#         1184
  C:2BC2H         LINE#         1185
  C:2BC2H         LINE#         1186
  C:2BC5H         LINE#         1187
BL51 BANKED LINKER/LOCATER V6.22                                                      07/05/2019  14:01:44  PAGE 30


  C:2BC7H         LINE#         1188
  C:2BCAH         LINE#         1189
  C:2BDFH         LINE#         1190
  C:2BF4H         LINE#         1191
  C:2C09H         LINE#         1192
  C:2C1EH         LINE#         1193
  C:2C21H         LINE#         1194
  C:2C24H         LINE#         1196
  -------         ENDPROC       _READ_DGUS_VP
  C:23C4H         SYMBOL        L?0265
  C:23C6H         SYMBOL        L?0266
  -------         PROC          L?0264
  -------         ENDPROC       L?0264
  C:23C4H         SYMBOL        L?0265
  C:23C6H         SYMBOL        L?0266
  -------         PROC          _WRITE_DGUS_VP
  X:85A2H         SYMBOL        addr
  X:85A6H         SYMBOL        buf
  X:85A9H         SYMBOL        len
  -------         DO            
  X:85ABH         SYMBOL        OS_addr
  X:85AFH         SYMBOL        OS_addr_offset
  X:85B3H         SYMBOL        OS_len
  X:85B5H         SYMBOL        OS_len_offset
  -------         ENDDO         
  C:23CAH         LINE#         1211
  C:23DBH         LINE#         1212
  C:23DBH         LINE#         1213
  C:23EFH         LINE#         1214
  C:23FAH         LINE#         1215
  C:23FCH         LINE#         1216
  C:2418H         LINE#         1217
  C:242CH         LINE#         1218
  C:2442H         LINE#         1219
  C:2458H         LINE#         1220
  C:2461H         LINE#         1221
  C:2464H         LINE#         1222
  C:2467H         LINE#         1223
  C:247FH         LINE#         1224
  C:247FH         LINE#         1225
  C:2481H         LINE#         1226
  C:2484H         LINE#         1227
  C:2487H         LINE#         1228
  C:2489H         LINE#         1229
  C:248CH         LINE#         1230
  C:248FH         LINE#         1231
  C:2492H         LINE#         1232
  C:2495H         LINE#         1233
  C:24AAH         LINE#         1234
  C:24BFH         LINE#         1235
  C:24C1H         LINE#         1236
  C:24C4H         LINE#         1237
  C:24D2H         LINE#         1238
  C:24DCH         LINE#         1239
  C:24DCH         LINE#         1240
  C:24F2H         LINE#         1241
  C:24FEH         LINE#         1242
BL51 BANKED LINKER/LOCATER V6.22                                                      07/05/2019  14:01:44  PAGE 31


  C:2502H         LINE#         1243
  C:2502H         LINE#         1244
  C:2510H         LINE#         1245
  C:2510H         LINE#         1246
  C:2521H         LINE#         1247
  C:2521H         LINE#         1248
  C:2537H         LINE#         1249
  C:2537H         LINE#         1250
  C:2539H         LINE#         1251
  C:253CH         LINE#         1252
  C:253FH         LINE#         1253
  C:2541H         LINE#         1254
  C:2544H         LINE#         1255
  C:2547H         LINE#         1256
  C:254AH         LINE#         1257
  C:254DH         LINE#         1258
  C:2562H         LINE#         1259
  C:2577H         LINE#         1260
  C:2579H         LINE#         1261
  C:257EH         LINE#         1263
  C:257EH         LINE#         1264
  C:2581H         LINE#         1265
  C:2596H         LINE#         1266
  C:25ABH         LINE#         1267
  C:25C0H         LINE#         1268
  C:25D5H         LINE#         1269
  C:25D7H         LINE#         1270
  C:25DFH         LINE#         1272
  C:25E2H         LINE#         1273
  C:25E4H         LINE#         1275
  -------         ENDPROC       _WRITE_DGUS_VP
  -------         PROC          GET_ADC_VALUE
  -------         DO            
  X:838FH         SYMBOL        temp
  -------         ENDDO         
  C:5E38H         LINE#         1291
  C:5E38H         LINE#         1292
  C:5E38H         LINE#         1294
  C:5E4EH         LINE#         1295
  C:5E62H         LINE#         1296
  C:5E76H         LINE#         1297
  C:5E8AH         LINE#         1298
  -------         ENDPROC       GET_ADC_VALUE
  -------         PROC          _GET_R_VALUE
  D:0002H         SYMBOL        n
  -------         DO            
  X:85A2H         SYMBOL        R1_temp
  X:85A6H         SYMBOL        R2_temp
  -------         ENDDO         
  C:4004H         LINE#         1322
  C:4008H         LINE#         1323
  C:4008H         LINE#         1324
  C:401CH         LINE#         1325
  C:4033H         LINE#         1326
  C:404AH         LINE#         1327
  C:4061H         LINE#         1328
  C:4097H         LINE#         1329
BL51 BANKED LINKER/LOCATER V6.22                                                      07/05/2019  14:01:44  PAGE 32


  C:40D5H         LINE#         1330
  C:40F9H         LINE#         1331
  C:411DH         LINE#         1332
  -------         ENDPROC       _GET_R_VALUE
  -------         PROC          L?0270
  -------         ENDPROC       L?0270
  -------         PROC          _FINDTAB
  X:85A2H         SYMBOL        pTab
  X:85A5H         SYMBOL        Tablong
  X:85A6H         SYMBOL        dat
  -------         DO            
  X:85A8H         SYMBOL        st
  X:85A9H         SYMBOL        ed
  X:85AAH         SYMBOL        m
  X:85ABH         SYMBOL        i
  -------         ENDDO         
  C:386EH         LINE#         1345
  C:387CH         LINE#         1346
  C:387CH         LINE#         1347
  C:3885H         LINE#         1348
  C:3887H         LINE#         1349
  C:388DH         LINE#         1350
  C:38B8H         LINE#         1351
  C:38BCH         LINE#         1352
  C:38E0H         LINE#         1353
  C:38E6H         LINE#         1354
  C:38F7H         LINE#         1355
  C:38F7H         LINE#         1356
  C:3906H         LINE#         1357
  C:3936H         LINE#         1358
  C:3936H         LINE#         1359
  C:3969H         LINE#         1360
  C:3969H         LINE#         1361
  C:3997H         LINE#         1362
  C:399DH         LINE#         1364
  C:39A1H         LINE#         1365
  C:39B5H         LINE#         1366
  C:39B5H         LINE#         1368
  C:39C2H         LINE#         1369
  C:39C5H         LINE#         1370
  C:39CAH         LINE#         1371
  -------         ENDPROC       _FINDTAB
  -------         PROC          _GET_TEMPERATURE
  D:0002H         SYMBOL        tim
  X:8598H         SYMBOL        n
  -------         DO            
  X:839FH         SYMBOL        i
  X:83A1H         SYMBOL        temp_t
  X:859AH         SYMBOL        temp1
  X:859EH         SYMBOL        temp2
  -------         ENDDO         
  C:14B5H         LINE#         1384
  C:14C1H         LINE#         1385
  C:14C1H         LINE#         1387
  C:14D3H         LINE#         1388
  C:14E3H         LINE#         1389
  C:14E3H         LINE#         1390
BL51 BANKED LINKER/LOCATER V6.22                                                      07/05/2019  14:01:44  PAGE 33


  C:14E6H         LINE#         1391
  C:14F4H         LINE#         1392
  C:150CH         LINE#         1393
  C:150CH         LINE#         1394
  C:150FH         LINE#         1395
  C:151DH         LINE#         1396
  C:152BH         LINE#         1397
  C:15ABH         LINE#         1398
  C:162BH         LINE#         1399
  C:1678H         LINE#         1400
  C:16C5H         LINE#         1401
  C:16DAH         LINE#         1402
  C:16EFH         LINE#         1403
  C:1732H         LINE#         1404
  C:1761H         LINE#         1405
  C:1785H         LINE#         1406
  C:1785H         LINE#         1407
  C:1793H         LINE#         1408
  C:17A2H         LINE#         1409
  C:17A2H         LINE#         1410
  C:17ACH         LINE#         1411
  C:17AEH         LINE#         1413
  C:17AEH         LINE#         1414
  C:17B5H         LINE#         1415
  C:17C4H         LINE#         1416
  C:17C4H         LINE#         1417
  C:17C6H         LINE#         1418
  C:17F6H         LINE#         1419
  C:17F6H         LINE#         1420
  C:1805H         LINE#         1421
  C:180CH         LINE#         1422
  C:180CH         LINE#         1423
  C:181FH         LINE#         1424
  C:182EH         LINE#         1425
  C:1835H         LINE#         1426
  C:1835H         LINE#         1427
  C:183CH         LINE#         1428
  C:183CH         LINE#         1429
  -------         ENDPROC       _GET_TEMPERATURE
  -------         PROC          ALARM_HANDLER
  C:536BH         LINE#         1450
  C:536BH         LINE#         1451
  C:536BH         LINE#         1452
  C:537FH         LINE#         1453
  C:539CH         LINE#         1454
  C:539CH         LINE#         1455
  C:53B0H         LINE#         1456
  C:53C5H         LINE#         1457
  C:53C5H         LINE#         1458
  C:53C5H         LINE#         1459
  C:53C5H         LINE#         1460
  C:53C5H         LINE#         1462
  C:53C5H         LINE#         1464
  C:53C5H         LINE#         1466
  C:53C5H         LINE#         1467
  C:53C5H         LINE#         1468
  C:53C5H         LINE#         1469
BL51 BANKED LINKER/LOCATER V6.22                                                      07/05/2019  14:01:44  PAGE 34


  C:53C5H         LINE#         1470
  C:53C5H         LINE#         1471
  C:53C5H         LINE#         1473
  C:53C5H         LINE#         1475
  C:53C5H         LINE#         1477
  C:53C5H         LINE#         1478
  C:53C5H         LINE#         1479
  C:53CDH         LINE#         1480
  C:53D6H         LINE#         1481
  C:53D8H         LINE#         1483
  C:53D8H         LINE#         1484
  C:53DFH         LINE#         1485
  C:53F3H         LINE#         1486
  C:53F3H         LINE#         1487
  C:53F5H         LINE#         1488
  -------         ENDPROC       ALARM_HANDLER
  -------         PROC          T0_ISR_PC
  C:5007H         LINE#         1512
  C:5024H         LINE#         1515
  C:5026H         LINE#         1516
  C:5029H         LINE#         1517
  C:502CH         LINE#         1519
  C:5034H         LINE#         1520
  C:5047H         LINE#         1521
  C:5047H         LINE#         1522
  C:504FH         LINE#         1523
  C:504FH         LINE#         1524
[...]
  C:49E9H         LINE#         69
  C:49FEH         LINE#         70
  C:4A10H         LINE#         71
  -------         ENDPROC       RTC_START
  -------         PROC          RTC_STOP
  -------         DO            
  X:85A1H         SYMBOL        bus_ticks
  X:85A1H         SYMBOL        bus_ticks
  X:85A1H         SYMBOL        bus_ticks
  X:85A1H         SYMBOL        bus_ticks
  X:85A1H         SYMBOL        bus_ticks
  X:85A1H         SYMBOL        bus_ticks
  -------         ENDDO         
  -------         DO            
  X:85A1H         SYMBOL        bus_ticks
  X:85A1H         SYMBOL        bus_ticks
  X:85A1H         SYMBOL        bus_ticks
  X:85A1H         SYMBOL        bus_ticks
  X:85A1H         SYMBOL        bus_ticks
  -------         ENDDO         
  -------         DO            
  X:85A1H         SYMBOL        bus_ticks
  X:85A1H         SYMBOL        bus_ticks
BL51 BANKED LINKER/LOCATER V6.22                                                      07/05/2019  14:01:44  PAGE 74


  X:85A1H         SYMBOL        bus_ticks
  X:85A1H         SYMBOL        bus_ticks
  -------         ENDDO         
  -------         DO            
  X:85A1H         SYMBOL        bus_ticks
  X:85A1H         SYMBOL        bus_ticks
  X:85A1H         SYMBOL        bus_ticks
  -------         ENDDO         
  -------         DO            
  X:85A1H         SYMBOL        bus_ticks
  X:85A1H         SYMBOL        bus_ticks
  -------         ENDDO         
  -------         DO            
  X:85A1H         SYMBOL        bus_ticks
  -------         ENDDO         
  C:5805H         LINE#         76
  C:5805H         LINE#         77
  C:5805H         LINE#         79
  C:5817H         LINE#         80
  C:582CH         LINE#         82
  C:583EH         LINE#         83
  C:5853H         LINE#         84
  C:5865H         LINE#         85
  C:587AH         LINE#         87
  -------         ENDPROC       RTC_STOP
  -------         PROC          _RTC_SEND_BYTE
  D:0007H         SYMBOL        Byte
  -------         DO            
  D:0006H         SYMBOL        i
  -------         DO            
  X:85A1H         SYMBOL        bus_ticks
  X:85A1H         SYMBOL        bus_ticks
  -------         ENDDO         
  -------         DO            
  X:85A1H         SYMBOL        bus_ticks
  -------         ENDDO         
  -------         DO            
  X:85A1H         SYMBOL        bus_ticks
  X:85A1H         SYMBOL        bus_ticks
  -------         ENDDO         
  -------         DO            
  X:85A1H         SYMBOL        bus_ticks
  -------         ENDDO         
  -------         DO            
  X:85A1H         SYMBOL        bus_ticks
  X:85A1H         SYMBOL        bus_ticks
  -------         ENDDO         
  -------         DO            
  X:85A1H         SYMBOL        bus_ticks
  -------         ENDDO         
  -------         ENDDO         
  C:547DH         LINE#         96
  C:547DH         LINE#         97
  C:547DH         LINE#         98
  C:547DH         LINE#         100
  C:548FH         LINE#         101
  C:54A4H         LINE#         102
BL51 BANKED LINKER/LOCATER V6.22                                                      07/05/2019  14:01:44  PAGE 75


  C:54A6H         LINE#         103
  C:54A6H         LINE#         104
  C:54AAH         LINE#         105
  C:54AAH         LINE#         106
  C:54C1H         LINE#         109
  C:54C1H         LINE#         110
  C:54D6H         LINE#         111
  C:54D6H         LINE#         112
  C:54E8H         LINE#         113
  C:54FAH         LINE#         114
  C:54FEH         LINE#         115
  C:5503H         LINE#         116
  -------         ENDPROC       _RTC_SEND_BYTE
  -------         PROC          RTC_ACK
  -------         DO            
  D:0006H         SYMBOL        timeout
  D:0005H         SYMBOL        temp
  -------         DO            
  X:85A1H         SYMBOL        bus_ticks
  X:85A1H         SYMBOL        bus_ticks
  X:85A1H         SYMBOL        bus_ticks
  X:85A1H         SYMBOL        bus_ticks
  -------         ENDDO         
  -------         DO            
  X:85A1H         SYMBOL        bus_ticks
  X:85A1H         SYMBOL        bus_ticks
  X:85A1H         SYMBOL        bus_ticks
  -------         ENDDO         
  -------         DO            
  X:85A1H         SYMBOL        bus_ticks
  X:85A1H         SYMBOL        bus_ticks
  -------         ENDDO         
  -------         DO            
  X:85A1H         SYMBOL        bus_ticks
  -------         ENDDO         
  -------         DO            
  X:85A1H         SYMBOL        bus_ticks
  -------         ENDDO         
  -------         DO            
  X:85A1H         SYMBOL        bus_ticks
  -------         ENDDO         
  -------         ENDDO         
  C:5137H         LINE#         125
  C:5137H         LINE#         126
  C:5137H         LINE#         127
  C:513AH         LINE#         130
  C:514CH         LINE#         131
  C:515FH         LINE#         133
  C:5168H         LINE#         134
  C:5168H         LINE#         135
  C:516DH         LINE#         136
  C:5171H         LINE#         137
  C:5173H         LINE#         138
  C:5175H         LINE#         140
  C:517AH         LINE#         141
  C:517CH         LINE#         143
  C:518EH         LINE#         144
BL51 BANKED LINKER/LOCATER V6.22                                                      07/05/2019  14:01:44  PAGE 76


  C:51A0H         LINE#         146
  C:51B0H         LINE#         147
  C:51C5H         LINE#         148
  -------         ENDPROC       RTC_ACK
  -------         PROC          RTC_SEND_ACK
  -------         DO            
  X:85A1H         SYMBOL        bus_ticks
  -------         ENDDO         
  -------         DO            
  X:85A1H         SYMBOL        bus_ticks
  -------         ENDDO         
  -------         DO            
  X:85A1H         SYMBOL        bus_ticks
  X:85A1H         SYMBOL        bus_ticks
  X:85A1H         SYMBOL        bus_ticks
  X:85A1H         SYMBOL        bus_ticks
  -------         ENDDO         
  -------         DO            
  X:85A1H         SYMBOL        bus_ticks
  X:85A1H         SYMBOL        bus_ticks
  X:85A1H         SYMBOL        bus_ticks
  -------         ENDDO         
  -------         DO            
  X:85A1H         SYMBOL        bus_ticks
  X:85A1H         SYMBOL        bus_ticks
  -------         ENDDO         
  -------         DO            
  X:85A1H         SYMBOL        bus_ticks
  -------         ENDDO         
  C:59D1H         LINE#         157
  C:59D1H         LINE#         158
  C:59D1H         LINE#         159
  C:59E3H         LINE#         160
  C:59F3H         LINE#         161
  C:5A08H         LINE#         163
  C:5A1AH         LINE#         164
  C:5A2CH         LINE#         165
  C:5A3FH         LINE#         166
  -------         ENDPROC       RTC_SEND_ACK
  -------         PROC          RTC_NOACK
  -------         DO            
  X:85A1H         SYMBOL        bus_ticks
  X:85A1H         SYMBOL        bus_ticks
  X:85A1H         SYMBOL        bus_ticks
  -------         ENDDO         
  -------         DO            
  X:85A1H         SYMBOL        bus_ticks
  X:85A1H         SYMBOL        bus_ticks
  -------         ENDDO         
  -------         DO            
  X:85A1H         SYMBOL        bus_ticks
  -------         ENDDO         
  -------         DO            
  X:85A1H         SYMBOL        bus_ticks
  -------         ENDDO         
  -------         DO            
  X:85A1H         SYMBOL        bus_ticks
BL51 BANKED LINKER/LOCATER V6.22                                                      07/05/2019  14:01:44  PAGE 77


  -------         ENDDO         
  C:5BD7H         LINE#         176
  C:5BD7H         LINE#         177
  C:5BD7H         LINE#         178
  C:5BEAH         LINE#         179
  C:5BFCH         LINE#         180
  C:5C0EH         LINE#         182
  C:5C1EH         LINE#         183
  C:5C33H         LINE#         184
  -------         ENDPROC       RTC_NOACK
  -------         PROC          RTC_RECEIVE_BYTE
  -------         DO            
  D:0007H         SYMBOL        R_word
  D:0006H         SYMBOL        j
  D:0005H         SYMBOL        temp
  -------         DO            
  X:85A1H         SYMBOL        bus_ticks
  -------         ENDDO         
  -------         DO            
  X:85A1H         SYMBOL        bus_ticks
  -------         ENDDO         
  -------         DO            
  X:85A1H         SYMBOL        bus_ticks
  -------         ENDDO         
  -------         DO            
  X:85A1H         SYMBOL        bus_ticks
  -------         ENDDO         
  -------         ENDDO         
  C:5AADH         LINE#         194
  C:5AADH         LINE#         195
  C:5AADH         LINE#         200
  C:5AAFH         LINE#         201
  C:5AC2H         LINE#         203
  C:5AC4H         LINE#         204
  C:5AC4H         LINE#         206
  C:5AD6H         LINE#         207
  C:5ADBH         LINE#         209
  C:5ADFH         LINE#         210
  C:5AE2H         LINE#         211
  C:5AE2H         LINE#         212
  C:5AE6H         LINE#         213
  C:5AE8H         LINE#         215
  C:5AE8H         LINE#         216
  C:5AECH         LINE#         217
  C:5AECH         LINE#         218
  C:5AFCH         LINE#         220
  C:5B0EH         LINE#         221
  C:5B13H         LINE#         223
  C:5B13H         LINE#         224
  -------         ENDPROC       RTC_RECEIVE_BYTE
  -------         PROC          _I2C_RTC_WRITE
  D:0004H         SYMBOL        W_addr
  X:859CH         SYMBOL        word
  -------         DO            
  X:859FH         SYMBOL        number
  D:0004H         SYMBOL        i
  D:0003H         SYMBOL        rtc_temp
BL51 BANKED LINKER/LOCATER V6.22                                                      07/05/2019  14:01:44  PAGE 78


  -------         ENDDO         
  C:4F67H         LINE#         237
  C:4F74H         LINE#         238
  C:4F74H         LINE#         243
  C:4F99H         LINE#         244
  C:4F99H         LINE#         245
  C:4F99H         LINE#         246
  C:4F99H         LINE#         247
  C:4F99H         LINE#         248
  C:4FA1H         LINE#         249
  C:4FA9H         LINE#         250
  C:4FB1H         LINE#         251
  C:4FB1H         LINE#         252
  C:4FB7H         LINE#         253
  C:4FB7H         LINE#         255
  C:4FBAH         LINE#         257
  C:4FBFH         LINE#         258
  C:4FC2H         LINE#         260
  C:4FC7H         LINE#         261
  C:4FCAH         LINE#         263
  C:4FD6H         LINE#         264
  C:4FD6H         LINE#         265
  C:4FEFH         LINE#         266
  C:4FF2H         LINE#         267
  C:4FF5H         LINE#         268
  C:4FF8H         LINE#         269
  C:4FFBH         LINE#         272
  C:5001H         LINE#         273
  C:5006H         LINE#         274
  -------         ENDPROC       _I2C_RTC_WRITE
  -------         PROC          L?0155
  -------         ENDPROC       L?0155
  -------         PROC          _I2C_RTC_READ
  D:0004H         SYMBOL        R_addr
  X:859CH         SYMBOL        RTC_buffer
  -------         DO            
  X:859FH         SYMBOL        rtc_temp
  X:85A0H         SYMBOL        number
  D:0004H         SYMBOL        i
  -------         ENDDO         
  C:4126H         LINE#         284
  C:4133H         LINE#         285
  C:4133H         LINE#         290
  C:4158H         LINE#         291
  C:4158H         LINE#         292
  C:4158H         LINE#         293
  C:4158H         LINE#         294
  C:4158H         LINE#         295
  C:4160H         LINE#         296
  C:4168H         LINE#         297
  C:4170H         LINE#         298
  C:4170H         LINE#         299
  C:4176H         LINE#         300
  C:4176H         LINE#         303
  C:4179H         LINE#         305
  C:417EH         LINE#         306
  C:4181H         LINE#         308
BL51 BANKED LINKER/LOCATER V6.22                                                      07/05/2019  14:01:44  PAGE 79


  C:4186H         LINE#         309
  C:4189H         LINE#         311
  C:418CH         LINE#         313
  C:4191H         LINE#         314
  C:4194H         LINE#         316
  C:41A1H         LINE#         317
  C:41A1H         LINE#         318
  C:41A9H         LINE#         320
  C:41AFH         LINE#         321
  C:41AFH         LINE#         322
  C:41B6H         LINE#         323
  C:41B6H         LINE#         324
  C:41BFH         LINE#         325
  C:41BFH         LINE#         326
  C:41C6H         LINE#         327
  C:41C6H         LINE#         328
  C:41CAH         LINE#         329
  C:41CAH         LINE#         330
  C:41D1H         LINE#         331
  C:41D1H         LINE#         332
  C:41D5H         LINE#         333
  C:41D5H         LINE#         334
  C:41DCH         LINE#         335
  C:41DCH         LINE#         336
  C:41E6H         LINE#         337
  C:41FAH         LINE#         339
  C:41FDH         LINE#         340
  C:4200H         LINE#         342
  C:4208H         LINE#         343
  C:420CH         LINE#         344
  C:4211H         LINE#         345
  C:4227H         LINE#         346
  C:422AH         LINE#         348
  -------         ENDPROC       _I2C_RTC_READ
  -------         PROC          RTC_INIT
  -------         DO            
  X:8598H         SYMBOL        dat
  -------         ENDDO         
  C:6265H         LINE#         358
  C:6265H         LINE#         359
  C:6265H         LINE#         362
  C:626BH         LINE#         363
  C:6276H         LINE#         364
  C:627DH         LINE#         366
  C:6282H         LINE#         367
  C:628CH         LINE#         368
  -------         ENDPROC       RTC_INIT
  -------         PROC          RTC_RUNFUNCTION
  C:5CE5H         LINE#         382
  C:5CE5H         LINE#         383
  C:5CE5H         LINE#         384
  C:5CE8H         LINE#         385
  C:5CEFH         LINE#         386
  C:5CEFH         LINE#         387
  C:5CF2H         LINE#         388
  C:5CF5H         LINE#         389
  C:5CF8H         LINE#         390
BL51 BANKED LINKER/LOCATER V6.22                                                      07/05/2019  14:01:44  PAGE 80


  C:5CFBH         LINE#         391
  C:5CFEH         LINE#         392
  C:5D01H         LINE#         393
  C:5D04H         LINE#         394
  C:5D0FH         LINE#         395
  C:5D16H         LINE#         396
  C:5D19H         LINE#         397
  C:5D19H         LINE#         400
  C:5D2EH         LINE#         401
  C:5D35H         LINE#         403
  C:5D3AH         LINE#         404
  -------         ENDPROC       RTC_RUNFUNCTION
  -------         PROC          TIME_UPDATE
  -------         DO            
  X:8598H         SYMBOL        RTC_Hour_D
  X:859AH         SYMBOL        RTC_Min_D
  -------         ENDDO         
  C:50A4H         LINE#         415
  C:50A4H         LINE#         416
  C:50A4H         LINE#         418
  C:50A7H         LINE#         419
  C:50ADH         LINE#         420
  C:50B1H         LINE#         421
  C:50B7H         LINE#         422
  C:50BDH         LINE#         423
  C:50C3H         LINE#         424
  C:50C7H         LINE#         425
  C:50CBH         LINE#         436
  C:50E5H         LINE#         437
  C:50F5H         LINE#         438
  C:5105H         LINE#         439
  C:511EH         LINE#         440
  -------         ENDPROC       TIME_UPDATE
  -------         ENDMOD        TIMER

  -------         MODULE        ?C?FPADD
  C:0107H         PUBLIC        ?C?FPADD
  C:0103H         PUBLIC        ?C?FPSUB
  -------         ENDMOD        ?C?FPADD

  -------         MODULE        ?C?FPMUL
  C:01F8H         PUBLIC        ?C?FPMUL
  -------         ENDMOD        ?C?FPMUL

  -------         MODULE        ?C?FPDIV
  C:0301H         PUBLIC        ?C?FPDIV
  -------         ENDMOD        ?C?FPDIV

  -------         MODULE        ?C?FCAST
  C:03A8H         PUBLIC        ?C?FCASTC
  C:03A3H         PUBLIC        ?C?FCASTI
  C:039EH         PUBLIC        ?C?FCASTL
  -------         ENDMOD        ?C?FCAST

  -------         MODULE        ?C?CASTF
  C:03DCH         PUBLIC        ?C?CASTF
  -------         ENDMOD        ?C?CASTF
BL51 BANKED LINKER/LOCATER V6.22                                                      07/05/2019  14:01:44  PAGE 81



  -------         MODULE        SQRT
  C:4B7DH         PUBLIC        _SQRT
  -------         ENDMOD        SQRT

  -------         MODULE        ?C?COPY
  C:052DH         PUBLIC        ?C?COPY
  -------         ENDMOD        ?C?COPY

  -------         MODULE        ?C?CLDPTR
  C:0553H         PUBLIC        ?C?CLDPTR
  -------         ENDMOD        ?C?CLDPTR

  -------         MODULE        ?C?CLDOPTR
  C:056CH         PUBLIC        ?C?CLDOPTR
  -------         ENDMOD        ?C?CLDOPTR

  -------         MODULE        ?C?CSTPTR
  C:0599H         PUBLIC        ?C?CSTPTR
  -------         ENDMOD        ?C?CSTPTR

  -------         MODULE        ?C?CSTOPTR
  C:05ABH         PUBLIC        ?C?CSTOPTR
  -------         ENDMOD        ?C?CSTOPTR

  -------         MODULE        ?C?IMUL
  C:05CDH         PUBLIC        ?C?IMUL
  -------         ENDMOD        ?C?IMUL

  -------         MODULE        ?C?UIDIV
  C:05DFH         PUBLIC        ?C?UIDIV
  -------         ENDMOD        ?C?UIDIV

  -------         MODULE        ?C?IILDX
  C:0634H         PUBLIC        ?C?IILDX
  -------         ENDMOD        ?C?IILDX

  -------         MODULE        ?C?ILDIX
  C:064AH         PUBLIC        ?C?ILDIX
  -------         ENDMOD        ?C?ILDIX

  -------         MODULE        ?C?ILDOPTR
  C:0660H         PUBLIC        ?C?ILDOPTR
  -------         ENDMOD        ?C?ILDOPTR

  -------         MODULE        ?C?ULDIV
  C:06D4H         PUBLIC        ?C?ULDIV
  -------         ENDMOD        ?C?ULDIV

  -------         MODULE        ?C?LNEG
  C:0766H         PUBLIC        ?C?LNEG
  -------         ENDMOD        ?C?LNEG

  -------         MODULE        ?C?SLCMP
  C:0774H         PUBLIC        ?C?SLCMP
  -------         ENDMOD        ?C?SLCMP

BL51 BANKED LINKER/LOCATER V6.22                                                      07/05/2019  14:01:44  PAGE 82


  -------         MODULE        ?C?ULCMP
  C:078AH         PUBLIC        ?C?ULCMP
  -------         ENDMOD        ?C?ULCMP

  -------         MODULE        ?C?ULSHR
  C:079BH         PUBLIC        ?C?ULSHR
  -------         ENDMOD        ?C?ULSHR

  -------         MODULE        ?C?LLDXDATA
  C:07AEH         PUBLIC        ?C?LLDXDATA
  -------         ENDMOD        ?C?LLDXDATA

  -------         MODULE        ?C?LSTXDATA
  C:07BAH         PUBLIC        ?C?LSTXDATA
  -------         ENDMOD        ?C?LSTXDATA

  -------         MODULE        ?C?LSTKXDATA
  C:07C6H         PUBLIC        ?C?LSTKXDATA
  -------         ENDMOD        ?C?LSTKXDATA

  -------         MODULE        ?C?OFFXADD
  C:07F7H         PUBLIC        ?C?OFFXADD
  -------         ENDMOD        ?C?OFFXADD

  -------         MODULE        ?C?ICASE
  C:0803H         PUBLIC        ?C?ICASE
  -------         ENDMOD        ?C?ICASE

  -------         MODULE        ABS
  C:647DH         PUBLIC        _ABS
  -------         ENDMOD        ABS

  -------         MODULE        ?C?STRCMP
  C:09AEH         PUBLIC        ?C?STRCMP
  -------         ENDMOD        ?C?STRCMP

  -------         MODULE        ?C?MEMSET
  C:09CBH         PUBLIC        ?C?MEMSET
  -------         ENDMOD        ?C?MEMSET

*** WARNING L16: UNCALLED SEGMENT, IGNORED FOR OVERLAY PROCESS
    SEGMENT: ?PR?TIME_CALIBRATION?SYS

*** WARNING L16: UNCALLED SEGMENT, IGNORED FOR OVERLAY PROCESS
    SEGMENT: ?PR?_RTC_GET_WEEK?SYS

*** WARNING L16: UNCALLED SEGMENT, IGNORED FOR OVERLAY PROCESS
    SEGMENT: ?PR?_UART2_SENDSTR?UART

Program Size: data=48.0 xdata=1479 code=25567
LINK/LOCATE RUN COMPLETE.  3 WARNING(S),  0 ERROR(S)
